<html>
<body>
<pre>
<h1>µVision Build Log</h1>
<h2>Tool Versions:</h2>
IDE-Version: µVision V5.43.1.0
Copyright (C) 2025 ARM Ltd and ARM Germany GmbH. All rights reserved.
License Information: Onelove katamine, onelove-one, LIC=----
 
Tool Versions:
Toolchain:       MDK-Lite  Version: 5.43.0.0
Toolchain Path:  C:\Users\katamine\AppData\Local\Keil_v5\ARM\ARMCLANG\Bin
C Compiler:      ArmClang.exe V6.24
Assembler:       Armasm.exe V6.24
Linker/Locator:  ArmLink.exe V6.24
Library Manager: ArmAr.exe V6.24
Hex Converter:   FromElf.exe V6.24
CPU DLL:         SARMCM3.DLL V5.43.0.0
Dialog DLL:      DCM.DLL V1.17.5.0
Target DLL:      STLink\ST-LINKIII-KEIL_SWO.dll V3.3.1.0
Dialog DLL:      TCM.DLL V1.56.6.0
 
<h2>Project:</h2>
C:\Users\katamine\Documents\milander_projects\ESPWrapper\esp_wrapper.uvprojx
Project File Date:  11/29/2025

<h2>Output:</h2>
*** Using Compiler 'V6.24', folder: 'C:\Users\katamine\AppData\Local\Keil_v5\ARM\ARMCLANG\Bin'
Build target 'main'
compiling main.cpp...
compiling c_gpio.cpp...
compiling c_core.cpp...
linking...
Program Size: Code=2188 RO-data=304 RW-data=4 ZI-data=1632  
".\Objects\esp_wrapper.axf" - 0 Error(s), 0 Warning(s).

<h2>Software Packages used:</h2>

Package Vendor: Milandr
                
                Milandr::MDR32FxQI@1.3.2
                Milandr MDR32FxQI Series Device Support, Drivers and Examples
   * Component: Startup Version: 2.2.0i
   * Component: I2C Version: 2.2.0i
   * Component: PORT Version: 2.2.0i
   * Component: RST_CLK Version: 2.2.0i

<h2>Collection of Component include folders:</h2>
  ./RTE/Device/K1986VE92xI
  ./RTE/_main
  C:/Users/katamine/AppData/Local/Arm/Packs/Milandr/MDR32FxQI/1.3.2/Libraries/CMSIS/MDR32FxQI/CoreSupport/CM3
  C:/Users/katamine/AppData/Local/Arm/Packs/Milandr/MDR32FxQI/1.3.2/Libraries/CMSIS/MDR32FxQI/DeviceSupport/K1986VE9xI/inc
  C:/Users/katamine/AppData/Local/Arm/Packs/Milandr/MDR32FxQI/1.3.2/Libraries/SPL/MDR32FxQI/inc

<h2>Collection of Component Files used:</h2>

   * Component: Milandr::Device:Startup@2.2.0i
      Include file:  Libraries/CMSIS/MDR32FxQI/DeviceSupport/K1986VE9xI/startup/system_K1986VE9xI.h
      Include file:  Libraries/CMSIS/MDR32FxQI/DeviceSupport/K1986VE9xI/inc/K1986VE9xI.h
      Include file:  Libraries/SPL/MDR32FxQI/MDR32FxQI_config.h
      Source file:   Libraries/SPL/MDR32FxQI/src/IRQ_Handler_Template/K1986VE9xI_IT.c
      Source file:   Libraries/CMSIS/MDR32FxQI/DeviceSupport/K1986VE9xI/startup/system_K1986VE9xI.c
      Include file:  Libraries/CMSIS/MDR32FxQI/CoreSupport/CM3/core_cm3.h
      Include file:  Libraries/SPL/MDR32FxQI/inc/IRQ_Handler_Template/K1986VE9xI_IT.h
      Source file:   Libraries/CMSIS/MDR32FxQI/DeviceSupport/K1986VE9xI/startup/arm/startup_K1986VE9xI.S

   * Component: Milandr::Drivers:I2C@2.2.0i
      Include file:  Libraries/SPL/MDR32FxQI/inc/MDR32FxQI_i2c.h
      Source file:   Libraries/SPL/MDR32FxQI/src/MDR32FxQI_i2c.c

   * Component: Milandr::Drivers:PORT@2.2.0i
      Source file:   Libraries/SPL/MDR32FxQI/src/MDR32FxQI_port.c
      Include file:  Libraries/SPL/MDR32FxQI/inc/MDR32FxQI_port.h

   * Component: Milandr::Drivers:RST_CLK@2.2.0i
      Source file:   Libraries/SPL/MDR32FxQI/src/MDR32FxQI_rst_clk.c
      Include file:  Libraries/SPL/MDR32FxQI/inc/MDR32FxQI_rst_clk.h
Build Time Elapsed:  00:00:00
</pre>
</body>
</html>
