Component: Arm Compiler for Embedded 6.24 Tool: armlink [5f371500]

==============================================================================

Section Cross References

    c_systemclock.o(.text._ZN4Core11SystemClock10initializeEv) refers to mdr32fxqi_rst_clk.o(.text.RST_CLK_HSEstatus) for RST_CLK_HSEstatus
    c_systemclock.o(.ARM.exidx.text._ZN4Core11SystemClock10initializeEv) refers to c_systemclock.o(.text._ZN4Core11SystemClock10initializeEv) for [Anonymous Symbol]
    c_timer.o(.text._ZN4Core5Timer10initializeEv) refers to c_peripheralregistry.o(.text._ZN7Drivers7Milandr18PeripheralRegistry17enableTimer1ClockEv) for Drivers::Milandr::PeripheralRegistry::enableTimer1Clock()
    c_timer.o(.ARM.exidx.text._ZN4Core5Timer10initializeEv) refers to c_timer.o(.text._ZN4Core5Timer10initializeEv) for [Anonymous Symbol]
    c_timer.o(.ARM.exidx.text._ZN4Core5Timer17delayMicrosecondsEj) refers to c_timer.o(.text._ZN4Core5Timer17delayMicrosecondsEj) for [Anonymous Symbol]
    c_timer.o(.text._ZN4Core5Timer17delayMillisecondsEj) refers to c_timer.o(.text._ZN4Core5Timer17delayMicrosecondsEj) for Core::Timer::delayMicroseconds(unsigned int)
    c_timer.o(.ARM.exidx.text._ZN4Core5Timer17delayMillisecondsEj) refers to c_timer.o(.text._ZN4Core5Timer17delayMillisecondsEj) for [Anonymous Symbol]
    c_gpio.o(.ARM.exidx.text._ZN4Core4GPIO17configureAsOutputEv) refers to c_gpio.o(.text._ZN4Core4GPIO17configureAsOutputEv) for [Anonymous Symbol]
    c_gpio.o(.ARM.exidx.text._ZN4Core4GPIO16configureAsInputENS_7PinPullE) refers to c_gpio.o(.text._ZN4Core4GPIO16configureAsInputENS_7PinPullE) for [Anonymous Symbol]
    c_peripheralregistry.o(.ARM.exidx.text._ZN7Drivers7Milandr18PeripheralRegistry16enablePortBClockEv) refers to c_peripheralregistry.o(.text._ZN7Drivers7Milandr18PeripheralRegistry16enablePortBClockEv) for [Anonymous Symbol]
    c_peripheralregistry.o(.ARM.exidx.text._ZN7Drivers7Milandr18PeripheralRegistry17enableTimer1ClockEv) refers to c_peripheralregistry.o(.text._ZN7Drivers7Milandr18PeripheralRegistry17enableTimer1ClockEv) for [Anonymous Symbol]
    main.o(.text.main) refers to main.o(.text._ZN4Core6C_CoreC2Ev) for Core::C_Core::C_Core__sub_object()
    main.o(.text.main) refers to c_core.o(.text._ZN4Core6C_Core10initializeEv) for Core::C_Core::initialize()
    main.o(.text.main) refers to c_core.o(.text._ZN4Core6C_Core3runEv) for Core::C_Core::run()
    main.o(.ARM.exidx.text.main) refers to main.o(.text.main) for [Anonymous Symbol]
    c_core.o(.text._ZN4Core6C_Core10initializeEv) refers to c_systemclock.o(.text._ZN4Core11SystemClock10initializeEv) for Core::SystemClock::initialize()
    c_core.o(.text._ZN4Core6C_Core10initializeEv) refers to c_peripheralregistry.o(.text._ZN7Drivers7Milandr18PeripheralRegistry16enablePortBClockEv) for Drivers::Milandr::PeripheralRegistry::enablePortBClock()
    c_core.o(.text._ZN4Core6C_Core10initializeEv) refers to c_core.o(.text._ZN4Core4GPIO8asOutputEv) for Core::GPIO::asOutput()
    c_core.o(.text._ZN4Core6C_Core10initializeEv) refers to c_core.o(.text._ZN4Core4GPIO3lowEv) for Core::GPIO::low()
    c_core.o(.text._ZN4Core6C_Core10initializeEv) refers to c_core.o(.text._ZN4Core4GPIO7asInputENS_7PinPullE) for Core::GPIO::asInput(Core::PinPull)
    c_core.o(.text._ZN4Core6C_Core10initializeEv) refers to c_timer.o(.text._ZN4Core5Timer10initializeEv) for Core::Timer::initialize()
    c_core.o(.ARM.exidx.text._ZN4Core6C_Core10initializeEv) refers to c_core.o(.text._ZN4Core6C_Core10initializeEv) for [Anonymous Symbol]
    c_core.o(.text._ZN4Core6C_Core3runEv) refers to c_core.o(.text._ZN4Core4GPIO4highEv) for Core::GPIO::high()
    c_core.o(.text._ZN4Core6C_Core3runEv) refers to c_timer.o(.text._ZN4Core5Timer17delayMillisecondsEj) for Core::Timer::delayMilliseconds(unsigned int)
    c_core.o(.text._ZN4Core6C_Core3runEv) refers to c_core.o(.text._ZN4Core4GPIO3lowEv) for Core::GPIO::low()
    c_core.o(.ARM.exidx.text._ZN4Core6C_Core3runEv) refers to c_core.o(.text._ZN4Core6C_Core3runEv) for [Anonymous Symbol]
    c_core.o(.text._ZN4Core6C_Core4stopEv) refers to c_core.o(.text._ZN4Core4GPIO3lowEv) for Core::GPIO::low()
    c_core.o(.ARM.exidx.text._ZN4Core6C_Core4stopEv) refers to c_core.o(.text._ZN4Core6C_Core4stopEv) for [Anonymous Symbol]
    startup_k1986ve9xi.o(STACK) refers (Special) to heapauxi.o(.text) for __use_two_region_memory
    startup_k1986ve9xi.o(HEAP) refers (Special) to heapauxi.o(.text) for __use_two_region_memory
    startup_k1986ve9xi.o(RESET) refers (Special) to heapauxi.o(.text) for __use_two_region_memory
    startup_k1986ve9xi.o(RESET) refers to startup_k1986ve9xi.o(STACK) for __initial_sp
    startup_k1986ve9xi.o(RESET) refers to startup_k1986ve9xi.o(.text) for Reset_Handler
    startup_k1986ve9xi.o(.text) refers (Special) to heapauxi.o(.text) for __use_two_region_memory
    startup_k1986ve9xi.o(.text) refers to system_k1986ve9xi.o(.text.SystemInit) for SystemInit
    startup_k1986ve9xi.o(.text) refers to __main.o(!!!main) for __main
    startup_k1986ve9xi.o(.text) refers to startup_k1986ve9xi.o(HEAP) for Heap_Mem
    startup_k1986ve9xi.o(.text) refers to startup_k1986ve9xi.o(STACK) for Stack_Mem
    system_k1986ve9xi.o(.text.SystemCoreClockUpdate) refers to system_k1986ve9xi.o(.data.SystemCoreClock) for SystemCoreClock
    system_k1986ve9xi.o(.ARM.exidx.text.SystemCoreClockUpdate) refers to system_k1986ve9xi.o(.text.SystemCoreClockUpdate) for [Anonymous Symbol]
    system_k1986ve9xi.o(.text.SystemInit) refers to startup_k1986ve9xi.o(RESET) for __Vectors
    system_k1986ve9xi.o(.text.SystemInit) refers to system_k1986ve9xi.o(.rodata.EEPROM_FACTORY_READ_WORD_FUNC) for EEPROM_FACTORY_READ_WORD_FUNC
    system_k1986ve9xi.o(.text.SystemInit) refers to system_k1986ve9xi.o(.text.SystemCoreClockUpdate) for SystemCoreClockUpdate
    system_k1986ve9xi.o(.ARM.exidx.text.SystemInit) refers to system_k1986ve9xi.o(.text.SystemInit) for [Anonymous Symbol]
    mdr32fxqi_i2c.o(.ARM.exidx.text.I2C_DeInit) refers to mdr32fxqi_i2c.o(.text.I2C_DeInit) for [Anonymous Symbol]
    mdr32fxqi_i2c.o(.ARM.exidx.text.I2C_Init) refers to mdr32fxqi_i2c.o(.text.I2C_Init) for [Anonymous Symbol]
    mdr32fxqi_i2c.o(.ARM.exidx.text.I2C_StructInit) refers to mdr32fxqi_i2c.o(.text.I2C_StructInit) for [Anonymous Symbol]
    mdr32fxqi_i2c.o(.ARM.exidx.text.I2C_Cmd) refers to mdr32fxqi_i2c.o(.text.I2C_Cmd) for [Anonymous Symbol]
    mdr32fxqi_i2c.o(.ARM.exidx.text.I2C_ITConfig) refers to mdr32fxqi_i2c.o(.text.I2C_ITConfig) for [Anonymous Symbol]
    mdr32fxqi_i2c.o(.ARM.exidx.text.I2C_GetITStatus) refers to mdr32fxqi_i2c.o(.text.I2C_GetITStatus) for [Anonymous Symbol]
    mdr32fxqi_i2c.o(.ARM.exidx.text.I2C_ClearITPendingBit) refers to mdr32fxqi_i2c.o(.text.I2C_ClearITPendingBit) for [Anonymous Symbol]
    mdr32fxqi_i2c.o(.ARM.exidx.text.I2C_Send7bitAddress) refers to mdr32fxqi_i2c.o(.text.I2C_Send7bitAddress) for [Anonymous Symbol]
    mdr32fxqi_i2c.o(.ARM.exidx.text.I2C_SendByte) refers to mdr32fxqi_i2c.o(.text.I2C_SendByte) for [Anonymous Symbol]
    mdr32fxqi_i2c.o(.ARM.exidx.text.I2C_SendSTOP) refers to mdr32fxqi_i2c.o(.text.I2C_SendSTOP) for [Anonymous Symbol]
    mdr32fxqi_i2c.o(.ARM.exidx.text.I2C_StartReceiveData) refers to mdr32fxqi_i2c.o(.text.I2C_StartReceiveData) for [Anonymous Symbol]
    mdr32fxqi_i2c.o(.ARM.exidx.text.I2C_GetReceivedData) refers to mdr32fxqi_i2c.o(.text.I2C_GetReceivedData) for [Anonymous Symbol]
    mdr32fxqi_i2c.o(.text.I2C_CheckEvent) refers to mdr32fxqi_i2c.o(.text.I2C_GetLastEvent) for I2C_GetLastEvent
    mdr32fxqi_i2c.o(.ARM.exidx.text.I2C_CheckEvent) refers to mdr32fxqi_i2c.o(.text.I2C_CheckEvent) for [Anonymous Symbol]
    mdr32fxqi_i2c.o(.ARM.exidx.text.I2C_GetLastEvent) refers to mdr32fxqi_i2c.o(.text.I2C_GetLastEvent) for [Anonymous Symbol]
    mdr32fxqi_i2c.o(.text.I2C_GetFlagStatus) refers to mdr32fxqi_i2c.o(.text.I2C_GetLastEvent) for I2C_GetLastEvent
    mdr32fxqi_i2c.o(.ARM.exidx.text.I2C_GetFlagStatus) refers to mdr32fxqi_i2c.o(.text.I2C_GetFlagStatus) for [Anonymous Symbol]
    mdr32fxqi_port.o(.ARM.exidx.text.PORT_DeInit) refers to mdr32fxqi_port.o(.text.PORT_DeInit) for [Anonymous Symbol]
    mdr32fxqi_port.o(.ARM.exidx.text.PORT_Init) refers to mdr32fxqi_port.o(.text.PORT_Init) for [Anonymous Symbol]
    mdr32fxqi_port.o(.ARM.exidx.text.PORT_StructInit) refers to mdr32fxqi_port.o(.text.PORT_StructInit) for [Anonymous Symbol]
    mdr32fxqi_port.o(.ARM.exidx.text.PORT_ReadInputDataBit) refers to mdr32fxqi_port.o(.text.PORT_ReadInputDataBit) for [Anonymous Symbol]
    mdr32fxqi_port.o(.ARM.exidx.text.PORT_ReadInputData) refers to mdr32fxqi_port.o(.text.PORT_ReadInputData) for [Anonymous Symbol]
    mdr32fxqi_port.o(.ARM.exidx.text.PORT_SetBits) refers to mdr32fxqi_port.o(.text.PORT_SetBits) for [Anonymous Symbol]
    mdr32fxqi_port.o(.ARM.exidx.text.PORT_ResetBits) refers to mdr32fxqi_port.o(.text.PORT_ResetBits) for [Anonymous Symbol]
    mdr32fxqi_port.o(.ARM.exidx.text.PORT_WriteBit) refers to mdr32fxqi_port.o(.text.PORT_WriteBit) for [Anonymous Symbol]
    mdr32fxqi_port.o(.ARM.exidx.text.PORT_Write) refers to mdr32fxqi_port.o(.text.PORT_Write) for [Anonymous Symbol]
    mdr32fxqi_rst_clk.o(.text.RST_CLK_DeInit) refers to mdr32fxqi_rst_clk.o(.text.RST_CLK_WarmDeInit) for RST_CLK_WarmDeInit
    mdr32fxqi_rst_clk.o(.ARM.exidx.text.RST_CLK_DeInit) refers to mdr32fxqi_rst_clk.o(.text.RST_CLK_DeInit) for [Anonymous Symbol]
    mdr32fxqi_rst_clk.o(.text.RST_CLK_WarmDeInit) refers to mdr32fxqi_rst_clk.o(.text.RST_CLK_HSIcmd) for RST_CLK_HSIcmd
    mdr32fxqi_rst_clk.o(.text.RST_CLK_WarmDeInit) refers to mdr32fxqi_rst_clk.o(.text.RST_CLK_HSIstatus) for RST_CLK_HSIstatus
    mdr32fxqi_rst_clk.o(.ARM.exidx.text.RST_CLK_WarmDeInit) refers to mdr32fxqi_rst_clk.o(.text.RST_CLK_WarmDeInit) for [Anonymous Symbol]
    mdr32fxqi_rst_clk.o(.ARM.exidx.text.RST_CLK_HSIcmd) refers to mdr32fxqi_rst_clk.o(.text.RST_CLK_HSIcmd) for [Anonymous Symbol]
    mdr32fxqi_rst_clk.o(.text.RST_CLK_HSIstatus) refers to mdr32fxqi_rst_clk.o(.text.RST_CLK_GetFlagStatus) for RST_CLK_GetFlagStatus
    mdr32fxqi_rst_clk.o(.ARM.exidx.text.RST_CLK_HSIstatus) refers to mdr32fxqi_rst_clk.o(.text.RST_CLK_HSIstatus) for [Anonymous Symbol]
    mdr32fxqi_rst_clk.o(.ARM.exidx.text.RST_CLK_HSEconfig) refers to mdr32fxqi_rst_clk.o(.text.RST_CLK_HSEconfig) for [Anonymous Symbol]
    mdr32fxqi_rst_clk.o(.text.RST_CLK_HSEstatus) refers to mdr32fxqi_rst_clk.o(.text.RST_CLK_GetFlagStatus) for RST_CLK_GetFlagStatus
    mdr32fxqi_rst_clk.o(.ARM.exidx.text.RST_CLK_HSEstatus) refers to mdr32fxqi_rst_clk.o(.text.RST_CLK_HSEstatus) for [Anonymous Symbol]
    mdr32fxqi_rst_clk.o(.ARM.exidx.text.RST_CLK_GetFlagStatus) refers to mdr32fxqi_rst_clk.o(.text.RST_CLK_GetFlagStatus) for [Anonymous Symbol]
    mdr32fxqi_rst_clk.o(.ARM.exidx.text.RST_CLK_LSEconfig) refers to mdr32fxqi_rst_clk.o(.text.RST_CLK_LSEconfig) for [Anonymous Symbol]
    mdr32fxqi_rst_clk.o(.text.RST_CLK_LSEstatus) refers to mdr32fxqi_rst_clk.o(.text.RST_CLK_GetFlagStatus) for RST_CLK_GetFlagStatus
    mdr32fxqi_rst_clk.o(.ARM.exidx.text.RST_CLK_LSEstatus) refers to mdr32fxqi_rst_clk.o(.text.RST_CLK_LSEstatus) for [Anonymous Symbol]
    mdr32fxqi_rst_clk.o(.ARM.exidx.text.RST_CLK_HSIadjust) refers to mdr32fxqi_rst_clk.o(.text.RST_CLK_HSIadjust) for [Anonymous Symbol]
    mdr32fxqi_rst_clk.o(.ARM.exidx.text.RST_CLK_LSIcmd) refers to mdr32fxqi_rst_clk.o(.text.RST_CLK_LSIcmd) for [Anonymous Symbol]
    mdr32fxqi_rst_clk.o(.ARM.exidx.text.RST_CLK_LSIadjust) refers to mdr32fxqi_rst_clk.o(.text.RST_CLK_LSIadjust) for [Anonymous Symbol]
    mdr32fxqi_rst_clk.o(.text.RST_CLK_LSIstatus) refers to mdr32fxqi_rst_clk.o(.text.RST_CLK_GetFlagStatus) for RST_CLK_GetFlagStatus
    mdr32fxqi_rst_clk.o(.ARM.exidx.text.RST_CLK_LSIstatus) refers to mdr32fxqi_rst_clk.o(.text.RST_CLK_LSIstatus) for [Anonymous Symbol]
    mdr32fxqi_rst_clk.o(.ARM.exidx.text.RST_CLK_CPU_PLLconfig) refers to mdr32fxqi_rst_clk.o(.text.RST_CLK_CPU_PLLconfig) for [Anonymous Symbol]
    mdr32fxqi_rst_clk.o(.ARM.exidx.text.RST_CLK_CPU_PLLuse) refers to mdr32fxqi_rst_clk.o(.text.RST_CLK_CPU_PLLuse) for [Anonymous Symbol]
    mdr32fxqi_rst_clk.o(.ARM.exidx.text.RST_CLK_CPU_PLLcmd) refers to mdr32fxqi_rst_clk.o(.text.RST_CLK_CPU_PLLcmd) for [Anonymous Symbol]
    mdr32fxqi_rst_clk.o(.text.RST_CLK_CPU_PLLstatus) refers to mdr32fxqi_rst_clk.o(.text.RST_CLK_GetFlagStatus) for RST_CLK_GetFlagStatus
    mdr32fxqi_rst_clk.o(.ARM.exidx.text.RST_CLK_CPU_PLLstatus) refers to mdr32fxqi_rst_clk.o(.text.RST_CLK_CPU_PLLstatus) for [Anonymous Symbol]
    mdr32fxqi_rst_clk.o(.ARM.exidx.text.RST_CLK_CPUclkPrescaler) refers to mdr32fxqi_rst_clk.o(.text.RST_CLK_CPUclkPrescaler) for [Anonymous Symbol]
    mdr32fxqi_rst_clk.o(.ARM.exidx.text.RST_CLK_CPUclkSelection) refers to mdr32fxqi_rst_clk.o(.text.RST_CLK_CPUclkSelection) for [Anonymous Symbol]
    mdr32fxqi_rst_clk.o(.ARM.exidx.text.RST_CLK_USB_PLLconfig) refers to mdr32fxqi_rst_clk.o(.text.RST_CLK_USB_PLLconfig) for [Anonymous Symbol]
    mdr32fxqi_rst_clk.o(.ARM.exidx.text.RST_CLK_USB_PLLuse) refers to mdr32fxqi_rst_clk.o(.text.RST_CLK_USB_PLLuse) for [Anonymous Symbol]
    mdr32fxqi_rst_clk.o(.ARM.exidx.text.RST_CLK_USB_PLLcmd) refers to mdr32fxqi_rst_clk.o(.text.RST_CLK_USB_PLLcmd) for [Anonymous Symbol]
    mdr32fxqi_rst_clk.o(.text.RST_CLK_USB_PLLstatus) refers to mdr32fxqi_rst_clk.o(.text.RST_CLK_GetFlagStatus) for RST_CLK_GetFlagStatus
    mdr32fxqi_rst_clk.o(.ARM.exidx.text.RST_CLK_USB_PLLstatus) refers to mdr32fxqi_rst_clk.o(.text.RST_CLK_USB_PLLstatus) for [Anonymous Symbol]
    mdr32fxqi_rst_clk.o(.ARM.exidx.text.RST_CLK_USBclkPrescaler) refers to mdr32fxqi_rst_clk.o(.text.RST_CLK_USBclkPrescaler) for [Anonymous Symbol]
    mdr32fxqi_rst_clk.o(.ARM.exidx.text.RST_CLK_USBclkEnable) refers to mdr32fxqi_rst_clk.o(.text.RST_CLK_USBclkEnable) for [Anonymous Symbol]
    mdr32fxqi_rst_clk.o(.ARM.exidx.text.RST_CLK_ADCclkSelection) refers to mdr32fxqi_rst_clk.o(.text.RST_CLK_ADCclkSelection) for [Anonymous Symbol]
    mdr32fxqi_rst_clk.o(.ARM.exidx.text.RST_CLK_ADCclkPrescaler) refers to mdr32fxqi_rst_clk.o(.text.RST_CLK_ADCclkPrescaler) for [Anonymous Symbol]
    mdr32fxqi_rst_clk.o(.ARM.exidx.text.RST_CLK_ADCclkEnable) refers to mdr32fxqi_rst_clk.o(.text.RST_CLK_ADCclkEnable) for [Anonymous Symbol]
    mdr32fxqi_rst_clk.o(.ARM.exidx.text.RST_CLK_HSIclkPrescaler) refers to mdr32fxqi_rst_clk.o(.text.RST_CLK_HSIclkPrescaler) for [Anonymous Symbol]
    mdr32fxqi_rst_clk.o(.ARM.exidx.text.RST_CLK_RTC_HSIclkEnable) refers to mdr32fxqi_rst_clk.o(.text.RST_CLK_RTC_HSIclkEnable) for [Anonymous Symbol]
    mdr32fxqi_rst_clk.o(.ARM.exidx.text.RST_CLK_HSEclkPrescaler) refers to mdr32fxqi_rst_clk.o(.text.RST_CLK_HSEclkPrescaler) for [Anonymous Symbol]
    mdr32fxqi_rst_clk.o(.ARM.exidx.text.RST_CLK_RTC_HSEclkEnable) refers to mdr32fxqi_rst_clk.o(.text.RST_CLK_RTC_HSEclkEnable) for [Anonymous Symbol]
    mdr32fxqi_rst_clk.o(.ARM.exidx.text.RST_CLK_CPUclkSelectionC1) refers to mdr32fxqi_rst_clk.o(.text.RST_CLK_CPUclkSelectionC1) for [Anonymous Symbol]
    mdr32fxqi_rst_clk.o(.ARM.exidx.text.RST_CLK_PCLKcmd) refers to mdr32fxqi_rst_clk.o(.text.RST_CLK_PCLKcmd) for [Anonymous Symbol]
    mdr32fxqi_rst_clk.o(.ARM.exidx.text.RST_CLK_GetClocksFreq) refers to mdr32fxqi_rst_clk.o(.text.RST_CLK_GetClocksFreq) for [Anonymous Symbol]
    __main.o(!!!main) refers to __rtentry.o(.ARM.Collect$$rtentry$$00000000) for __rt_entry
    __rtentry.o(.ARM.Collect$$rtentry$$00000000) refers (Special) to __rtentry2.o(.ARM.Collect$$rtentry$$0000000A) for __rt_entry_li
    __rtentry.o(.ARM.Collect$$rtentry$$00000000) refers (Special) to __rtentry2.o(.ARM.Collect$$rtentry$$0000000D) for __rt_entry_main
    __rtentry.o(.ARM.Collect$$rtentry$$00000000) refers (Special) to __rtentry2.o(.ARM.Collect$$rtentry$$0000000C) for __rt_entry_postli_1
    __rtentry.o(.ARM.Collect$$rtentry$$00000000) refers (Special) to __rtentry2.o(.ARM.Collect$$rtentry$$00000009) for __rt_entry_postsh_1
    __rtentry.o(.ARM.Collect$$rtentry$$00000000) refers (Special) to __rtentry2.o(.ARM.Collect$$rtentry$$00000002) for __rt_entry_presh_1
    __rtentry.o(.ARM.Collect$$rtentry$$00000000) refers (Special) to __rtentry4.o(.ARM.Collect$$rtentry$$00000004) for __rt_entry_sh
    __rtentry2.o(.ARM.Collect$$rtentry$$00000008) refers to boardinit2.o(.text) for _platform_post_stackheap_init
    __rtentry2.o(.ARM.Collect$$rtentry$$0000000A) refers to libinit.o(.ARM.Collect$$libinit$$00000000) for __rt_lib_init
    __rtentry2.o(.ARM.Collect$$rtentry$$0000000B) refers to boardinit3.o(.text) for _platform_post_lib_init
    __rtentry2.o(.ARM.Collect$$rtentry$$0000000D) refers to main.o(.text.main) for main
    __rtentry2.o(.ARM.Collect$$rtentry$$0000000D) refers to exit.o(.text) for exit
    __rtentry2.o(.ARM.exidx) refers to __rtentry2.o(.ARM.Collect$$rtentry$$00000001) for .ARM.Collect$$rtentry$$00000001
    __rtentry2.o(.ARM.exidx) refers to __rtentry2.o(.ARM.Collect$$rtentry$$00000008) for .ARM.Collect$$rtentry$$00000008
    __rtentry2.o(.ARM.exidx) refers to __rtentry2.o(.ARM.Collect$$rtentry$$0000000A) for .ARM.Collect$$rtentry$$0000000A
    __rtentry2.o(.ARM.exidx) refers to __rtentry2.o(.ARM.Collect$$rtentry$$0000000B) for .ARM.Collect$$rtentry$$0000000B
    __rtentry2.o(.ARM.exidx) refers to __rtentry2.o(.ARM.Collect$$rtentry$$0000000D) for .ARM.Collect$$rtentry$$0000000D
    __rtentry4.o(.ARM.Collect$$rtentry$$00000004) refers to sys_stackheap_outer.o(.text) for __user_setup_stackheap
    __rtentry4.o(.ARM.exidx) refers to __rtentry4.o(.ARM.Collect$$rtentry$$00000004) for .ARM.Collect$$rtentry$$00000004
    sys_stackheap_outer.o(.text) refers to libspace.o(.text) for __user_perproc_libspace
    sys_stackheap_outer.o(.text) refers to startup_k1986ve9xi.o(.text) for __user_initial_stackheap
    exit.o(.text) refers to rtexit.o(.ARM.Collect$$rtexit$$00000000) for __rt_exit
    libinit.o(.ARM.Collect$$libinit$$00000000) refers (Special) to libinit2.o(.ARM.Collect$$libinit$$00000030) for __rt_lib_init_alloca_1
    libinit.o(.ARM.Collect$$libinit$$00000000) refers (Special) to libinit2.o(.ARM.Collect$$libinit$$0000002E) for __rt_lib_init_argv_1
    libinit.o(.ARM.Collect$$libinit$$00000000) refers (Special) to libinit2.o(.ARM.Collect$$libinit$$0000001D) for __rt_lib_init_atexit_1
    libinit.o(.ARM.Collect$$libinit$$00000000) refers (Special) to libinit2.o(.ARM.Collect$$libinit$$00000023) for __rt_lib_init_clock_1
    libinit.o(.ARM.Collect$$libinit$$00000000) refers (Special) to libinit2.o(.ARM.Collect$$libinit$$00000034) for __rt_lib_init_cpp_1
    libinit.o(.ARM.Collect$$libinit$$00000000) refers (Special) to libinit2.o(.ARM.Collect$$libinit$$00000032) for __rt_lib_init_exceptions_1
    libinit.o(.ARM.Collect$$libinit$$00000000) refers (Special) to libinit2.o(.ARM.Collect$$libinit$$00000002) for __rt_lib_init_fp_1
    libinit.o(.ARM.Collect$$libinit$$00000000) refers (Special) to libinit2.o(.ARM.Collect$$libinit$$00000021) for __rt_lib_init_fp_trap_1
    libinit.o(.ARM.Collect$$libinit$$00000000) refers (Special) to libinit2.o(.ARM.Collect$$libinit$$00000025) for __rt_lib_init_getenv_1
    libinit.o(.ARM.Collect$$libinit$$00000000) refers (Special) to libinit2.o(.ARM.Collect$$libinit$$0000000C) for __rt_lib_init_heap_1
    libinit.o(.ARM.Collect$$libinit$$00000000) refers (Special) to libinit2.o(.ARM.Collect$$libinit$$00000013) for __rt_lib_init_lc_collate_1
    libinit.o(.ARM.Collect$$libinit$$00000000) refers (Special) to libinit2.o(.ARM.Collect$$libinit$$00000015) for __rt_lib_init_lc_ctype_1
    libinit.o(.ARM.Collect$$libinit$$00000000) refers (Special) to libinit2.o(.ARM.Collect$$libinit$$00000017) for __rt_lib_init_lc_monetary_1
    libinit.o(.ARM.Collect$$libinit$$00000000) refers (Special) to libinit2.o(.ARM.Collect$$libinit$$00000019) for __rt_lib_init_lc_numeric_1
    libinit.o(.ARM.Collect$$libinit$$00000000) refers (Special) to libinit2.o(.ARM.Collect$$libinit$$0000001B) for __rt_lib_init_lc_time_1
    libinit.o(.ARM.Collect$$libinit$$00000000) refers (Special) to libinit2.o(.ARM.Collect$$libinit$$00000006) for __rt_lib_init_preinit_1
    libinit.o(.ARM.Collect$$libinit$$00000000) refers (Special) to libinit2.o(.ARM.Collect$$libinit$$00000010) for __rt_lib_init_rand_1
    libinit.o(.ARM.Collect$$libinit$$00000000) refers (Special) to libinit2.o(.ARM.Collect$$libinit$$00000004) for __rt_lib_init_relocate_pie_1
    libinit.o(.ARM.Collect$$libinit$$00000000) refers (Special) to libinit2.o(.ARM.Collect$$libinit$$00000035) for __rt_lib_init_return
    libinit.o(.ARM.Collect$$libinit$$00000000) refers (Special) to libinit2.o(.ARM.Collect$$libinit$$0000001F) for __rt_lib_init_signal_1
    libinit.o(.ARM.Collect$$libinit$$00000000) refers (Special) to libinit2.o(.ARM.Collect$$libinit$$00000027) for __rt_lib_init_stdio_1
    libinit.o(.ARM.Collect$$libinit$$00000000) refers (Special) to libinit2.o(.ARM.Collect$$libinit$$0000000E) for __rt_lib_init_user_alloc_1
    libspace.o(.text) refers to libspace.o(.bss) for __libspace_start
    rtexit.o(.ARM.Collect$$rtexit$$00000000) refers (Special) to rtexit2.o(.ARM.Collect$$rtexit$$00000004) for __rt_exit_exit
    rtexit.o(.ARM.Collect$$rtexit$$00000000) refers (Special) to rtexit2.o(.ARM.Collect$$rtexit$$00000003) for __rt_exit_ls
    rtexit.o(.ARM.Collect$$rtexit$$00000000) refers (Special) to rtexit2.o(.ARM.Collect$$rtexit$$00000002) for __rt_exit_prels_1
    rtexit.o(.ARM.exidx) refers (Special) to rtexit2.o(.ARM.Collect$$rtexit$$00000004) for __rt_exit_exit
    rtexit.o(.ARM.exidx) refers (Special) to rtexit2.o(.ARM.Collect$$rtexit$$00000003) for __rt_exit_ls
    rtexit.o(.ARM.exidx) refers (Special) to rtexit2.o(.ARM.Collect$$rtexit$$00000002) for __rt_exit_prels_1
    rtexit.o(.ARM.exidx) refers to rtexit.o(.ARM.Collect$$rtexit$$00000000) for .ARM.Collect$$rtexit$$00000000
    libinit2.o(.ARM.Collect$$libinit$$00000012) refers to libinit2.o(.ARM.Collect$$libinit$$00000011) for .ARM.Collect$$libinit$$00000011
    libinit2.o(.ARM.Collect$$libinit$$00000014) refers to libinit2.o(.ARM.Collect$$libinit$$00000011) for .ARM.Collect$$libinit$$00000011
    libinit2.o(.ARM.Collect$$libinit$$00000016) refers to libinit2.o(.ARM.Collect$$libinit$$00000011) for .ARM.Collect$$libinit$$00000011
    libinit2.o(.ARM.Collect$$libinit$$00000018) refers to libinit2.o(.ARM.Collect$$libinit$$00000011) for .ARM.Collect$$libinit$$00000011
    libinit2.o(.ARM.Collect$$libinit$$0000001A) refers to libinit2.o(.ARM.Collect$$libinit$$00000011) for .ARM.Collect$$libinit$$00000011
    libinit2.o(.ARM.Collect$$libinit$$00000028) refers to argv_veneer.o(.emb_text) for __ARM_argv_veneer
    libinit2.o(.ARM.Collect$$libinit$$00000029) refers to argv_veneer.o(.emb_text) for __ARM_argv_veneer
    rtexit2.o(.ARM.Collect$$rtexit$$00000003) refers to libshutdown.o(.ARM.Collect$$libshutdown$$00000000) for __rt_lib_shutdown
    rtexit2.o(.ARM.Collect$$rtexit$$00000004) refers to sys_exit.o(.text) for _sys_exit
    rtexit2.o(.ARM.exidx) refers to rtexit2.o(.ARM.Collect$$rtexit$$00000001) for .ARM.Collect$$rtexit$$00000001
    rtexit2.o(.ARM.exidx) refers to rtexit2.o(.ARM.Collect$$rtexit$$00000003) for .ARM.Collect$$rtexit$$00000003
    rtexit2.o(.ARM.exidx) refers to rtexit2.o(.ARM.Collect$$rtexit$$00000004) for .ARM.Collect$$rtexit$$00000004
    argv_veneer.o(.emb_text) refers to no_argv.o(.text) for __ARM_get_argv
    sys_exit.o(.text) refers (Special) to use_no_semi.o(.text) for __I$use$semihosting
    sys_exit.o(.text) refers (Special) to indicate_semi.o(.text) for __semihosting_library_function
    sys_exit_hlt.o(.text) refers (Special) to use_no_semi.o(.text) for __I$use$semihosting
    sys_exit_hlt.o(.text) refers (Special) to indicate_semi.o(.text) for __semihosting_library_function
    _get_argv_nomalloc.o(.text) refers (Special) to hrguard.o(.text) for __heap_region$guard
    _get_argv_nomalloc.o(.text) refers to defsig_rtmem_outer.o(.text) for __rt_SIGRTMEM
    _get_argv_nomalloc.o(.text) refers to sys_command.o(.text) for _sys_command_string
    libshutdown.o(.ARM.Collect$$libshutdown$$00000000) refers (Special) to libshutdown2.o(.ARM.Collect$$libshutdown$$00000002) for __rt_lib_shutdown_cpp_1
    libshutdown.o(.ARM.Collect$$libshutdown$$00000000) refers (Special) to libshutdown2.o(.ARM.Collect$$libshutdown$$00000007) for __rt_lib_shutdown_fp_trap_1
    libshutdown.o(.ARM.Collect$$libshutdown$$00000000) refers (Special) to libshutdown2.o(.ARM.Collect$$libshutdown$$0000000F) for __rt_lib_shutdown_heap_1
    libshutdown.o(.ARM.Collect$$libshutdown$$00000000) refers (Special) to libshutdown2.o(.ARM.Collect$$libshutdown$$00000010) for __rt_lib_shutdown_return
    libshutdown.o(.ARM.Collect$$libshutdown$$00000000) refers (Special) to libshutdown2.o(.ARM.Collect$$libshutdown$$0000000A) for __rt_lib_shutdown_signal_1
    libshutdown.o(.ARM.Collect$$libshutdown$$00000000) refers (Special) to libshutdown2.o(.ARM.Collect$$libshutdown$$00000004) for __rt_lib_shutdown_stdio_1
    libshutdown.o(.ARM.Collect$$libshutdown$$00000000) refers (Special) to libshutdown2.o(.ARM.Collect$$libshutdown$$0000000C) for __rt_lib_shutdown_user_alloc_1
    sys_command.o(.text) refers (Special) to use_no_semi.o(.text) for __I$use$semihosting
    sys_command.o(.text) refers (Special) to indicate_semi.o(.text) for __semihosting_library_function
    sys_command_hlt.o(.text) refers (Special) to use_no_semi.o(.text) for __I$use$semihosting
    sys_command_hlt.o(.text) refers (Special) to indicate_semi.o(.text) for __semihosting_library_function
    defsig_rtmem_outer.o(.text) refers to defsig_rtmem_inner.o(.text) for __rt_SIGRTMEM_inner
    defsig_rtmem_outer.o(.text) refers to defsig_exit.o(.text) for __sig_exit
    defsig_rtmem_formal.o(.text) refers to rt_raise.o(.text) for __rt_raise
    rt_raise.o(.text) refers to __raise.o(.text) for __raise
    rt_raise.o(.text) refers to sys_exit.o(.text) for _sys_exit
    defsig_exit.o(.text) refers to sys_exit.o(.text) for _sys_exit
    defsig_rtmem_inner.o(.text) refers to defsig_general.o(.text) for __default_signal_display
    __raise.o(.text) refers to defsig.o(CL$$defsig) for __default_signal_handler
    defsig_general.o(.text) refers to sys_wrch.o(.text) for _ttywrch
    sys_wrch.o(.text) refers (Special) to use_no_semi.o(.text) for __I$use$semihosting
    sys_wrch.o(.text) refers (Special) to indicate_semi.o(.text) for __semihosting_library_function
    sys_wrch_hlt.o(.text) refers (Special) to use_no_semi.o(.text) for __I$use$semihosting
    sys_wrch_hlt.o(.text) refers (Special) to indicate_semi.o(.text) for __semihosting_library_function
    defsig.o(CL$$defsig) refers to defsig_rtmem_inner.o(.text) for __rt_SIGRTMEM_inner
    defsig_abrt_inner.o(.text) refers to defsig_general.o(.text) for __default_signal_display
    defsig_fpe_inner.o(.text) refers to defsig_general.o(.text) for __default_signal_display
    defsig_rtred_inner.o(.text) refers to defsig_general.o(.text) for __default_signal_display
    defsig_stak_inner.o(.text) refers to defsig_general.o(.text) for __default_signal_display
    defsig_pvfn_inner.o(.text) refers to defsig_general.o(.text) for __default_signal_display
    defsig_cppl_inner.o(.text) refers to defsig_general.o(.text) for __default_signal_display
    defsig_segv_inner.o(.text) refers to defsig_general.o(.text) for __default_signal_display
    defsig_other.o(.text) refers to defsig_general.o(.text) for __default_signal_display
    main.o(.text._ZN4Core6C_CoreC2Ev) refers to main.o(.rodata._ZN7Drivers7Milandr4PinsL3PB7E) for Drivers::Milandr::Pins::PB7
    main.o(.text._ZN4Core6C_CoreC2Ev) refers to main.o(.text._ZN4Core4GPIOC2EP16MDR_PORT_TypeDefRKN7Drivers7Milandr4Pins3PinE) for Core::GPIO::GPIO__sub_object(MDR_PORT_TypeDef*, Drivers::Milandr::Pins::Pin const&)
    main.o(.text._ZN4Core6C_CoreC2Ev) refers to main.o(.rodata._ZN7Drivers7Milandr4PinsL3PB6E) for Drivers::Milandr::Pins::PB6
    main.o(.ARM.exidx.text._ZN4Core6C_CoreC2Ev) refers to main.o(.text._ZN4Core6C_CoreC2Ev) for [Anonymous Symbol]
    main.o(.ARM.exidx.text._ZN4Core4GPIOC2EP16MDR_PORT_TypeDefRKN7Drivers7Milandr4Pins3PinE) refers to main.o(.text._ZN4Core4GPIOC2EP16MDR_PORT_TypeDefRKN7Drivers7Milandr4Pins3PinE) for [Anonymous Symbol]
    c_core.o(.text._ZN4Core4GPIO8asOutputEv) refers to c_gpio.o(.text._ZN4Core4GPIO17configureAsOutputEv) for Core::GPIO::configureAsOutput()
    c_core.o(.ARM.exidx.text._ZN4Core4GPIO8asOutputEv) refers to c_core.o(.text._ZN4Core4GPIO8asOutputEv) for [Anonymous Symbol]
    c_core.o(.text._ZN4Core4GPIO3lowEv) refers to c_core.o(.text._ZN4Core4GPIO5clearEv) for Core::GPIO::clear()
    c_core.o(.ARM.exidx.text._ZN4Core4GPIO3lowEv) refers to c_core.o(.text._ZN4Core4GPIO3lowEv) for [Anonymous Symbol]
    c_core.o(.text._ZN4Core4GPIO7asInputENS_7PinPullE) refers to c_gpio.o(.text._ZN4Core4GPIO16configureAsInputENS_7PinPullE) for Core::GPIO::configureAsInput(Core::PinPull)
    c_core.o(.ARM.exidx.text._ZN4Core4GPIO7asInputENS_7PinPullE) refers to c_core.o(.text._ZN4Core4GPIO7asInputENS_7PinPullE) for [Anonymous Symbol]
    c_core.o(.text._ZN4Core4GPIO4highEv) refers to c_core.o(.text._ZN4Core4GPIO3setEv) for Core::GPIO::set()
    c_core.o(.ARM.exidx.text._ZN4Core4GPIO4highEv) refers to c_core.o(.text._ZN4Core4GPIO4highEv) for [Anonymous Symbol]
    c_core.o(.ARM.exidx.text._ZN4Core4GPIO5clearEv) refers to c_core.o(.text._ZN4Core4GPIO5clearEv) for [Anonymous Symbol]
    c_core.o(.ARM.exidx.text._ZN4Core4GPIO3setEv) refers to c_core.o(.text._ZN4Core4GPIO3setEv) for [Anonymous Symbol]


==============================================================================

Removing Unused input sections from the image.

    Removing c_systemclock.o(.text), (0 bytes).
    Removing c_systemclock.o(.ARM.exidx.text._ZN4Core11SystemClock10initializeEv), (8 bytes).
    Removing c_timer.o(.text), (0 bytes).
    Removing c_timer.o(.ARM.exidx.text._ZN4Core5Timer10initializeEv), (8 bytes).
    Removing c_timer.o(.ARM.exidx.text._ZN4Core5Timer17delayMicrosecondsEj), (8 bytes).
    Removing c_timer.o(.ARM.exidx.text._ZN4Core5Timer17delayMillisecondsEj), (8 bytes).
    Removing c_gpio.o(.text), (0 bytes).
    Removing c_gpio.o(.ARM.exidx.text._ZN4Core4GPIO17configureAsOutputEv), (8 bytes).
    Removing c_gpio.o(.ARM.exidx.text._ZN4Core4GPIO16configureAsInputENS_7PinPullE), (8 bytes).
    Removing c_peripheralregistry.o(.text), (0 bytes).
    Removing c_peripheralregistry.o(.ARM.exidx.text._ZN7Drivers7Milandr18PeripheralRegistry16enablePortBClockEv), (8 bytes).
    Removing c_peripheralregistry.o(.ARM.exidx.text._ZN7Drivers7Milandr18PeripheralRegistry17enableTimer1ClockEv), (8 bytes).
    Removing main.o(.text), (0 bytes).
    Removing main.o(.ARM.exidx.text.main), (8 bytes).
    Removing main.o(.ARM.use_no_argv), (4 bytes).
    Removing c_core.o(.text), (0 bytes).
    Removing c_core.o(.ARM.exidx.text._ZN4Core6C_Core10initializeEv), (8 bytes).
    Removing c_core.o(.ARM.exidx.text._ZN4Core6C_Core3runEv), (8 bytes).
    Removing c_core.o(.text._ZN4Core6C_Core4stopEv), (20 bytes).
    Removing c_core.o(.ARM.exidx.text._ZN4Core6C_Core4stopEv), (8 bytes).
    Removing system_k1986ve9xi.o(.text), (0 bytes).
    Removing system_k1986ve9xi.o(.ARM.exidx.text.SystemCoreClockUpdate), (8 bytes).
    Removing system_k1986ve9xi.o(.ARM.exidx.text.SystemInit), (8 bytes).
    Removing mdr32fxqi_i2c.o(.text), (0 bytes).
    Removing mdr32fxqi_i2c.o(.text.I2C_DeInit), (46 bytes).
    Removing mdr32fxqi_i2c.o(.ARM.exidx.text.I2C_DeInit), (8 bytes).
    Removing mdr32fxqi_i2c.o(.text.I2C_Init), (88 bytes).
    Removing mdr32fxqi_i2c.o(.ARM.exidx.text.I2C_Init), (8 bytes).
    Removing mdr32fxqi_i2c.o(.text.I2C_StructInit), (20 bytes).
    Removing mdr32fxqi_i2c.o(.ARM.exidx.text.I2C_StructInit), (8 bytes).
    Removing mdr32fxqi_i2c.o(.text.I2C_Cmd), (58 bytes).
    Removing mdr32fxqi_i2c.o(.ARM.exidx.text.I2C_Cmd), (8 bytes).
    Removing mdr32fxqi_i2c.o(.text.I2C_ITConfig), (58 bytes).
    Removing mdr32fxqi_i2c.o(.ARM.exidx.text.I2C_ITConfig), (8 bytes).
    Removing mdr32fxqi_i2c.o(.text.I2C_GetITStatus), (40 bytes).
    Removing mdr32fxqi_i2c.o(.ARM.exidx.text.I2C_GetITStatus), (8 bytes).
    Removing mdr32fxqi_i2c.o(.text.I2C_ClearITPendingBit), (16 bytes).
    Removing mdr32fxqi_i2c.o(.ARM.exidx.text.I2C_ClearITPendingBit), (8 bytes).
    Removing mdr32fxqi_i2c.o(.text.I2C_Send7bitAddress), (46 bytes).
    Removing mdr32fxqi_i2c.o(.ARM.exidx.text.I2C_Send7bitAddress), (8 bytes).
    Removing mdr32fxqi_i2c.o(.text.I2C_SendByte), (32 bytes).
    Removing mdr32fxqi_i2c.o(.ARM.exidx.text.I2C_SendByte), (8 bytes).
    Removing mdr32fxqi_i2c.o(.text.I2C_SendSTOP), (12 bytes).
    Removing mdr32fxqi_i2c.o(.ARM.exidx.text.I2C_SendSTOP), (8 bytes).
    Removing mdr32fxqi_i2c.o(.text.I2C_StartReceiveData), (26 bytes).
    Removing mdr32fxqi_i2c.o(.ARM.exidx.text.I2C_StartReceiveData), (8 bytes).
    Removing mdr32fxqi_i2c.o(.text.I2C_GetReceivedData), (12 bytes).
    Removing mdr32fxqi_i2c.o(.ARM.exidx.text.I2C_GetReceivedData), (8 bytes).
    Removing mdr32fxqi_i2c.o(.text.I2C_CheckEvent), (44 bytes).
    Removing mdr32fxqi_i2c.o(.ARM.exidx.text.I2C_CheckEvent), (8 bytes).
    Removing mdr32fxqi_i2c.o(.text.I2C_GetLastEvent), (40 bytes).
    Removing mdr32fxqi_i2c.o(.ARM.exidx.text.I2C_GetLastEvent), (8 bytes).
    Removing mdr32fxqi_i2c.o(.text.I2C_GetFlagStatus), (42 bytes).
    Removing mdr32fxqi_i2c.o(.ARM.exidx.text.I2C_GetFlagStatus), (8 bytes).
    Removing mdr32fxqi_port.o(.text), (0 bytes).
    Removing mdr32fxqi_port.o(.text.PORT_DeInit), (42 bytes).
    Removing mdr32fxqi_port.o(.ARM.exidx.text.PORT_DeInit), (8 bytes).
    Removing mdr32fxqi_port.o(.text.PORT_Init), (556 bytes).
    Removing mdr32fxqi_port.o(.ARM.exidx.text.PORT_Init), (8 bytes).
    Removing mdr32fxqi_port.o(.text.PORT_StructInit), (54 bytes).
    Removing mdr32fxqi_port.o(.ARM.exidx.text.PORT_StructInit), (8 bytes).
    Removing mdr32fxqi_port.o(.text.PORT_ReadInputDataBit), (46 bytes).
    Removing mdr32fxqi_port.o(.ARM.exidx.text.PORT_ReadInputDataBit), (8 bytes).
    Removing mdr32fxqi_port.o(.text.PORT_ReadInputData), (12 bytes).
    Removing mdr32fxqi_port.o(.ARM.exidx.text.PORT_ReadInputData), (8 bytes).
    Removing mdr32fxqi_port.o(.text.PORT_SetBits), (42 bytes).
    Removing mdr32fxqi_port.o(.ARM.exidx.text.PORT_SetBits), (8 bytes).
    Removing mdr32fxqi_port.o(.text.PORT_ResetBits), (36 bytes).
    Removing mdr32fxqi_port.o(.ARM.exidx.text.PORT_ResetBits), (8 bytes).
    Removing mdr32fxqi_port.o(.text.PORT_WriteBit), (84 bytes).
    Removing mdr32fxqi_port.o(.ARM.exidx.text.PORT_WriteBit), (8 bytes).
    Removing mdr32fxqi_port.o(.text.PORT_Write), (36 bytes).
    Removing mdr32fxqi_port.o(.ARM.exidx.text.PORT_Write), (8 bytes).
    Removing mdr32fxqi_rst_clk.o(.text), (0 bytes).
    Removing mdr32fxqi_rst_clk.o(.text.RST_CLK_DeInit), (216 bytes).
    Removing mdr32fxqi_rst_clk.o(.ARM.exidx.text.RST_CLK_DeInit), (8 bytes).
    Removing mdr32fxqi_rst_clk.o(.text.RST_CLK_WarmDeInit), (102 bytes).
    Removing mdr32fxqi_rst_clk.o(.ARM.exidx.text.RST_CLK_WarmDeInit), (8 bytes).
    Removing mdr32fxqi_rst_clk.o(.text.RST_CLK_HSIcmd), (24 bytes).
    Removing mdr32fxqi_rst_clk.o(.ARM.exidx.text.RST_CLK_HSIcmd), (8 bytes).
    Removing mdr32fxqi_rst_clk.o(.text.RST_CLK_HSIstatus), (100 bytes).
    Removing mdr32fxqi_rst_clk.o(.ARM.exidx.text.RST_CLK_HSIstatus), (8 bytes).
    Removing mdr32fxqi_rst_clk.o(.text.RST_CLK_HSEconfig), (80 bytes).
    Removing mdr32fxqi_rst_clk.o(.ARM.exidx.text.RST_CLK_HSEconfig), (8 bytes).
    Removing mdr32fxqi_rst_clk.o(.ARM.exidx.text.RST_CLK_HSEstatus), (8 bytes).
    Removing mdr32fxqi_rst_clk.o(.ARM.exidx.text.RST_CLK_GetFlagStatus), (8 bytes).
    Removing mdr32fxqi_rst_clk.o(.text.RST_CLK_LSEconfig), (86 bytes).
    Removing mdr32fxqi_rst_clk.o(.ARM.exidx.text.RST_CLK_LSEconfig), (8 bytes).
    Removing mdr32fxqi_rst_clk.o(.text.RST_CLK_LSEstatus), (100 bytes).
    Removing mdr32fxqi_rst_clk.o(.ARM.exidx.text.RST_CLK_LSEstatus), (8 bytes).
    Removing mdr32fxqi_rst_clk.o(.text.RST_CLK_HSIadjust), (42 bytes).
    Removing mdr32fxqi_rst_clk.o(.ARM.exidx.text.RST_CLK_HSIadjust), (8 bytes).
    Removing mdr32fxqi_rst_clk.o(.text.RST_CLK_LSIcmd), (24 bytes).
    Removing mdr32fxqi_rst_clk.o(.ARM.exidx.text.RST_CLK_LSIcmd), (8 bytes).
    Removing mdr32fxqi_rst_clk.o(.text.RST_CLK_LSIadjust), (42 bytes).
    Removing mdr32fxqi_rst_clk.o(.ARM.exidx.text.RST_CLK_LSIadjust), (8 bytes).
    Removing mdr32fxqi_rst_clk.o(.text.RST_CLK_LSIstatus), (100 bytes).
    Removing mdr32fxqi_rst_clk.o(.ARM.exidx.text.RST_CLK_LSIstatus), (8 bytes).
    Removing mdr32fxqi_rst_clk.o(.text.RST_CLK_CPU_PLLconfig), (104 bytes).
    Removing mdr32fxqi_rst_clk.o(.ARM.exidx.text.RST_CLK_CPU_PLLconfig), (8 bytes).
    Removing mdr32fxqi_rst_clk.o(.text.RST_CLK_CPU_PLLuse), (24 bytes).
    Removing mdr32fxqi_rst_clk.o(.ARM.exidx.text.RST_CLK_CPU_PLLuse), (8 bytes).
    Removing mdr32fxqi_rst_clk.o(.text.RST_CLK_CPU_PLLcmd), (22 bytes).
    Removing mdr32fxqi_rst_clk.o(.ARM.exidx.text.RST_CLK_CPU_PLLcmd), (8 bytes).
    Removing mdr32fxqi_rst_clk.o(.text.RST_CLK_CPU_PLLstatus), (100 bytes).
    Removing mdr32fxqi_rst_clk.o(.ARM.exidx.text.RST_CLK_CPU_PLLstatus), (8 bytes).
    Removing mdr32fxqi_rst_clk.o(.text.RST_CLK_CPUclkPrescaler), (44 bytes).
    Removing mdr32fxqi_rst_clk.o(.ARM.exidx.text.RST_CLK_CPUclkPrescaler), (8 bytes).
    Removing mdr32fxqi_rst_clk.o(.text.RST_CLK_CPUclkSelection), (42 bytes).
    Removing mdr32fxqi_rst_clk.o(.ARM.exidx.text.RST_CLK_CPUclkSelection), (8 bytes).
    Removing mdr32fxqi_rst_clk.o(.text.RST_CLK_USB_PLLconfig), (104 bytes).
    Removing mdr32fxqi_rst_clk.o(.ARM.exidx.text.RST_CLK_USB_PLLconfig), (8 bytes).
    Removing mdr32fxqi_rst_clk.o(.text.RST_CLK_USB_PLLuse), (24 bytes).
    Removing mdr32fxqi_rst_clk.o(.ARM.exidx.text.RST_CLK_USB_PLLuse), (8 bytes).
    Removing mdr32fxqi_rst_clk.o(.text.RST_CLK_USB_PLLcmd), (22 bytes).
    Removing mdr32fxqi_rst_clk.o(.ARM.exidx.text.RST_CLK_USB_PLLcmd), (8 bytes).
    Removing mdr32fxqi_rst_clk.o(.text.RST_CLK_USB_PLLstatus), (100 bytes).
    Removing mdr32fxqi_rst_clk.o(.ARM.exidx.text.RST_CLK_USB_PLLstatus), (8 bytes).
    Removing mdr32fxqi_rst_clk.o(.text.RST_CLK_USBclkPrescaler), (24 bytes).
    Removing mdr32fxqi_rst_clk.o(.ARM.exidx.text.RST_CLK_USBclkPrescaler), (8 bytes).
    Removing mdr32fxqi_rst_clk.o(.text.RST_CLK_USBclkEnable), (24 bytes).
    Removing mdr32fxqi_rst_clk.o(.ARM.exidx.text.RST_CLK_USBclkEnable), (8 bytes).
    Removing mdr32fxqi_rst_clk.o(.text.RST_CLK_ADCclkSelection), (42 bytes).
    Removing mdr32fxqi_rst_clk.o(.ARM.exidx.text.RST_CLK_ADCclkSelection), (8 bytes).
    Removing mdr32fxqi_rst_clk.o(.text.RST_CLK_ADCclkPrescaler), (44 bytes).
    Removing mdr32fxqi_rst_clk.o(.ARM.exidx.text.RST_CLK_ADCclkPrescaler), (8 bytes).
    Removing mdr32fxqi_rst_clk.o(.text.RST_CLK_ADCclkEnable), (24 bytes).
    Removing mdr32fxqi_rst_clk.o(.ARM.exidx.text.RST_CLK_ADCclkEnable), (8 bytes).
    Removing mdr32fxqi_rst_clk.o(.text.RST_CLK_HSIclkPrescaler), (44 bytes).
    Removing mdr32fxqi_rst_clk.o(.ARM.exidx.text.RST_CLK_HSIclkPrescaler), (8 bytes).
    Removing mdr32fxqi_rst_clk.o(.text.RST_CLK_RTC_HSIclkEnable), (24 bytes).
    Removing mdr32fxqi_rst_clk.o(.ARM.exidx.text.RST_CLK_RTC_HSIclkEnable), (8 bytes).
    Removing mdr32fxqi_rst_clk.o(.text.RST_CLK_HSEclkPrescaler), (42 bytes).
    Removing mdr32fxqi_rst_clk.o(.ARM.exidx.text.RST_CLK_HSEclkPrescaler), (8 bytes).
    Removing mdr32fxqi_rst_clk.o(.text.RST_CLK_RTC_HSEclkEnable), (24 bytes).
    Removing mdr32fxqi_rst_clk.o(.ARM.exidx.text.RST_CLK_RTC_HSEclkEnable), (8 bytes).
    Removing mdr32fxqi_rst_clk.o(.text.RST_CLK_CPUclkSelectionC1), (42 bytes).
    Removing mdr32fxqi_rst_clk.o(.ARM.exidx.text.RST_CLK_CPUclkSelectionC1), (8 bytes).
    Removing mdr32fxqi_rst_clk.o(.text.RST_CLK_PCLKcmd), (52 bytes).
    Removing mdr32fxqi_rst_clk.o(.ARM.exidx.text.RST_CLK_PCLKcmd), (8 bytes).
    Removing mdr32fxqi_rst_clk.o(.text.RST_CLK_GetClocksFreq), (714 bytes).
    Removing mdr32fxqi_rst_clk.o(.ARM.exidx.text.RST_CLK_GetClocksFreq), (8 bytes).
    Removing main.o(.ARM.exidx.text._ZN4Core6C_CoreC2Ev), (8 bytes).
    Removing main.o(.ARM.exidx.text._ZN4Core4GPIOC2EP16MDR_PORT_TypeDefRKN7Drivers7Milandr4Pins3PinE), (8 bytes).
    Removing c_core.o(.ARM.exidx.text._ZN4Core4GPIO8asOutputEv), (8 bytes).
    Removing c_core.o(.ARM.exidx.text._ZN4Core4GPIO3lowEv), (8 bytes).
    Removing c_core.o(.ARM.exidx.text._ZN4Core4GPIO7asInputENS_7PinPullE), (8 bytes).
    Removing c_core.o(.ARM.exidx.text._ZN4Core4GPIO4highEv), (8 bytes).
    Removing c_core.o(.ARM.exidx.text._ZN4Core4GPIO5clearEv), (8 bytes).
    Removing c_core.o(.ARM.exidx.text._ZN4Core4GPIO3setEv), (8 bytes).

150 unused section(s) (total 4762 bytes) removed from the image.

==============================================================================

Image Symbol Table

    Local Symbols

    Symbol Name                              Value     Ov Type        Size  Object(Section)

    ../clib/angel/boardlib.s                 0x00000000   Number         0  boardinit1.o ABSOLUTE
    ../clib/angel/boardlib.s                 0x00000000   Number         0  boardinit2.o ABSOLUTE
    ../clib/angel/boardlib.s                 0x00000000   Number         0  boardinit3.o ABSOLUTE
    ../clib/angel/boardlib.s                 0x00000000   Number         0  boardshut.o ABSOLUTE
    ../clib/angel/handlers.s                 0x00000000   Number         0  __scatter_copy.o ABSOLUTE
    ../clib/angel/handlers.s                 0x00000000   Number         0  __scatter_zi.o ABSOLUTE
    ../clib/angel/kernel.s                   0x00000000   Number         0  __rtentry.o ABSOLUTE
    ../clib/angel/kernel.s                   0x00000000   Number         0  __rtentry2.o ABSOLUTE
    ../clib/angel/kernel.s                   0x00000000   Number         0  __rtentry4.o ABSOLUTE
    ../clib/angel/kernel.s                   0x00000000   Number         0  rtexit.o ABSOLUTE
    ../clib/angel/kernel.s                   0x00000000   Number         0  rtexit2.o ABSOLUTE
    ../clib/angel/rt.s                       0x00000000   Number         0  rt_raise.o ABSOLUTE
    ../clib/angel/scatter.s                  0x00000000   Number         0  __scatter.o ABSOLUTE
    ../clib/angel/startup.s                  0x00000000   Number         0  __main.o ABSOLUTE
    ../clib/angel/sys.s                      0x00000000   Number         0  sys_stackheap_outer.o ABSOLUTE
    ../clib/angel/sys.s                      0x00000000   Number         0  libspace.o ABSOLUTE
    ../clib/angel/sys.s                      0x00000000   Number         0  use_no_semi.o ABSOLUTE
    ../clib/angel/sys.s                      0x00000000   Number         0  indicate_semi.o ABSOLUTE
    ../clib/angel/sysapp.c                   0x00000000   Number         0  sys_exit.o ABSOLUTE
    ../clib/angel/sysapp.c                   0x00000000   Number         0  sys_exit_hlt.o ABSOLUTE
    ../clib/angel/sysapp.c                   0x00000000   Number         0  sys_command.o ABSOLUTE
    ../clib/angel/sysapp.c                   0x00000000   Number         0  sys_command_hlt.o ABSOLUTE
    ../clib/angel/sysapp.c                   0x00000000   Number         0  sys_wrch.o ABSOLUTE
    ../clib/angel/sysapp.c                   0x00000000   Number         0  sys_wrch_hlt.o ABSOLUTE
    ../clib/armsys.c                         0x00000000   Number         0  argv_veneer.o ABSOLUTE
    ../clib/armsys.c                         0x00000000   Number         0  argv_veneer.o ABSOLUTE
    ../clib/armsys.c                         0x00000000   Number         0  _get_argv_nomalloc.o ABSOLUTE
    ../clib/armsys.c                         0x00000000   Number         0  no_argv.o ABSOLUTE
    ../clib/heapalloc.c                      0x00000000   Number         0  hrguard.o ABSOLUTE
    ../clib/heapaux.c                        0x00000000   Number         0  heapauxi.o ABSOLUTE
    ../clib/libinit.s                        0x00000000   Number         0  libinit.o ABSOLUTE
    ../clib/libinit.s                        0x00000000   Number         0  libinit2.o ABSOLUTE
    ../clib/libinit.s                        0x00000000   Number         0  libshutdown.o ABSOLUTE
    ../clib/libinit.s                        0x00000000   Number         0  libshutdown2.o ABSOLUTE
    ../clib/signal.c                         0x00000000   Number         0  defsig_rtmem_outer.o ABSOLUTE
    ../clib/signal.c                         0x00000000   Number         0  defsig_rtmem_formal.o ABSOLUTE
    ../clib/signal.c                         0x00000000   Number         0  defsig_exit.o ABSOLUTE
    ../clib/signal.c                         0x00000000   Number         0  defsig_rtmem_inner.o ABSOLUTE
    ../clib/signal.c                         0x00000000   Number         0  __raise.o ABSOLUTE
    ../clib/signal.c                         0x00000000   Number         0  defsig_general.o ABSOLUTE
    ../clib/signal.c                         0x00000000   Number         0  defsig_abrt_inner.o ABSOLUTE
    ../clib/signal.c                         0x00000000   Number         0  defsig_fpe_inner.o ABSOLUTE
    ../clib/signal.c                         0x00000000   Number         0  defsig_rtred_inner.o ABSOLUTE
    ../clib/signal.c                         0x00000000   Number         0  defsig_stak_inner.o ABSOLUTE
    ../clib/signal.c                         0x00000000   Number         0  defsig_pvfn_inner.o ABSOLUTE
    ../clib/signal.c                         0x00000000   Number         0  defsig_cppl_inner.o ABSOLUTE
    ../clib/signal.c                         0x00000000   Number         0  defsig_segv_inner.o ABSOLUTE
    ../clib/signal.c                         0x00000000   Number         0  defsig_other.o ABSOLUTE
    ../clib/signal.s                         0x00000000   Number         0  defsig.o ABSOLUTE
    ../clib/stdlib.c                         0x00000000   Number         0  exit.o ABSOLUTE
    ../fplib/fpinit.s                        0x00000000   Number         0  fpinit.o ABSOLUTE
    ../fplib/fpinit_empty.s                  0x00000000   Number         0  fpinit_empty.o ABSOLUTE
    MDR32FxQI_i2c.c                          0x00000000   Number         0  mdr32fxqi_i2c.o ABSOLUTE
    MDR32FxQI_port.c                         0x00000000   Number         0  mdr32fxqi_port.o ABSOLUTE
    MDR32FxQI_rst_clk.c                      0x00000000   Number         0  mdr32fxqi_rst_clk.o ABSOLUTE
    RTE\Device\K1986VE92xI\startup_K1986VE9xI.S 0x00000000   Number         0  startup_k1986ve9xi.o ABSOLUTE
    c_core.cpp                               0x00000000   Number         0  c_core.o ABSOLUTE
    c_gpio.cpp                               0x00000000   Number         0  c_gpio.o ABSOLUTE
    c_peripheralregistry.cpp                 0x00000000   Number         0  c_peripheralregistry.o ABSOLUTE
    c_systemclock.cpp                        0x00000000   Number         0  c_systemclock.o ABSOLUTE
    c_timer.cpp                              0x00000000   Number         0  c_timer.o ABSOLUTE
    dc.s                                     0x00000000   Number         0  dc.o ABSOLUTE
    main.cpp                                 0x00000000   Number         0  main.o ABSOLUTE
    system_K1986VE9xI.c                      0x00000000   Number         0  system_k1986ve9xi.o ABSOLUTE
    RESET                                    0x08000000   Section      192  startup_k1986ve9xi.o(RESET)
    !!!main                                  0x080000c0   Section        8  __main.o(!!!main)
    !!!scatter                               0x080000c8   Section       92  __scatter.o(!!!scatter)
    !!handler_copy                           0x08000124   Section       26  __scatter_copy.o(!!handler_copy)
    !!handler_null                           0x08000140   Section        2  __scatter.o(!!handler_null)
    !!handler_zi                             0x08000144   Section       28  __scatter_zi.o(!!handler_zi)
    .ARM.Collect$$libinit$$00000000          0x08000160   Section        2  libinit.o(.ARM.Collect$$libinit$$00000000)
    .ARM.Collect$$libinit$$00000002          0x08000162   Section        0  libinit2.o(.ARM.Collect$$libinit$$00000002)
    .ARM.Collect$$libinit$$00000004          0x08000162   Section        0  libinit2.o(.ARM.Collect$$libinit$$00000004)
    .ARM.Collect$$libinit$$00000006          0x08000162   Section        0  libinit2.o(.ARM.Collect$$libinit$$00000006)
    .ARM.Collect$$libinit$$0000000C          0x08000162   Section        0  libinit2.o(.ARM.Collect$$libinit$$0000000C)
    .ARM.Collect$$libinit$$0000000E          0x08000162   Section        0  libinit2.o(.ARM.Collect$$libinit$$0000000E)
    .ARM.Collect$$libinit$$00000010          0x08000162   Section        0  libinit2.o(.ARM.Collect$$libinit$$00000010)
    .ARM.Collect$$libinit$$00000013          0x08000162   Section        0  libinit2.o(.ARM.Collect$$libinit$$00000013)
    .ARM.Collect$$libinit$$00000015          0x08000162   Section        0  libinit2.o(.ARM.Collect$$libinit$$00000015)
    .ARM.Collect$$libinit$$00000017          0x08000162   Section        0  libinit2.o(.ARM.Collect$$libinit$$00000017)
    .ARM.Collect$$libinit$$00000019          0x08000162   Section        0  libinit2.o(.ARM.Collect$$libinit$$00000019)
    .ARM.Collect$$libinit$$0000001B          0x08000162   Section        0  libinit2.o(.ARM.Collect$$libinit$$0000001B)
    .ARM.Collect$$libinit$$0000001D          0x08000162   Section        0  libinit2.o(.ARM.Collect$$libinit$$0000001D)
    .ARM.Collect$$libinit$$0000001F          0x08000162   Section        0  libinit2.o(.ARM.Collect$$libinit$$0000001F)
    .ARM.Collect$$libinit$$00000021          0x08000162   Section        0  libinit2.o(.ARM.Collect$$libinit$$00000021)
    .ARM.Collect$$libinit$$00000023          0x08000162   Section        0  libinit2.o(.ARM.Collect$$libinit$$00000023)
    .ARM.Collect$$libinit$$00000025          0x08000162   Section        0  libinit2.o(.ARM.Collect$$libinit$$00000025)
    .ARM.Collect$$libinit$$00000027          0x08000162   Section        0  libinit2.o(.ARM.Collect$$libinit$$00000027)
    .ARM.Collect$$libinit$$0000002E          0x08000162   Section        0  libinit2.o(.ARM.Collect$$libinit$$0000002E)
    .ARM.Collect$$libinit$$00000030          0x08000162   Section        0  libinit2.o(.ARM.Collect$$libinit$$00000030)
    .ARM.Collect$$libinit$$00000032          0x08000162   Section        0  libinit2.o(.ARM.Collect$$libinit$$00000032)
    .ARM.Collect$$libinit$$00000034          0x08000162   Section        0  libinit2.o(.ARM.Collect$$libinit$$00000034)
    .ARM.Collect$$libinit$$00000035          0x08000162   Section        2  libinit2.o(.ARM.Collect$$libinit$$00000035)
    .ARM.Collect$$libshutdown$$00000000      0x08000164   Section        2  libshutdown.o(.ARM.Collect$$libshutdown$$00000000)
    .ARM.Collect$$libshutdown$$00000002      0x08000166   Section        0  libshutdown2.o(.ARM.Collect$$libshutdown$$00000002)
    .ARM.Collect$$libshutdown$$00000004      0x08000166   Section        0  libshutdown2.o(.ARM.Collect$$libshutdown$$00000004)
    .ARM.Collect$$libshutdown$$00000007      0x08000166   Section        0  libshutdown2.o(.ARM.Collect$$libshutdown$$00000007)
    .ARM.Collect$$libshutdown$$0000000A      0x08000166   Section        0  libshutdown2.o(.ARM.Collect$$libshutdown$$0000000A)
    .ARM.Collect$$libshutdown$$0000000C      0x08000166   Section        0  libshutdown2.o(.ARM.Collect$$libshutdown$$0000000C)
    .ARM.Collect$$libshutdown$$0000000F      0x08000166   Section        0  libshutdown2.o(.ARM.Collect$$libshutdown$$0000000F)
    .ARM.Collect$$libshutdown$$00000010      0x08000166   Section        2  libshutdown2.o(.ARM.Collect$$libshutdown$$00000010)
    .ARM.Collect$$rtentry$$00000000          0x08000168   Section        0  __rtentry.o(.ARM.Collect$$rtentry$$00000000)
    .ARM.Collect$$rtentry$$00000002          0x08000168   Section        0  __rtentry2.o(.ARM.Collect$$rtentry$$00000002)
    .ARM.Collect$$rtentry$$00000004          0x08000168   Section        6  __rtentry4.o(.ARM.Collect$$rtentry$$00000004)
    .ARM.Collect$$rtentry$$00000009          0x0800016e   Section        0  __rtentry2.o(.ARM.Collect$$rtentry$$00000009)
    .ARM.Collect$$rtentry$$0000000A          0x0800016e   Section        4  __rtentry2.o(.ARM.Collect$$rtentry$$0000000A)
    .ARM.Collect$$rtentry$$0000000C          0x08000172   Section        0  __rtentry2.o(.ARM.Collect$$rtentry$$0000000C)
    .ARM.Collect$$rtentry$$0000000D          0x08000172   Section        8  __rtentry2.o(.ARM.Collect$$rtentry$$0000000D)
    .ARM.Collect$$rtexit$$00000000           0x0800017a   Section        2  rtexit.o(.ARM.Collect$$rtexit$$00000000)
    .ARM.Collect$$rtexit$$00000002           0x0800017c   Section        0  rtexit2.o(.ARM.Collect$$rtexit$$00000002)
    .ARM.Collect$$rtexit$$00000003           0x0800017c   Section        4  rtexit2.o(.ARM.Collect$$rtexit$$00000003)
    .ARM.Collect$$rtexit$$00000004           0x08000180   Section        6  rtexit2.o(.ARM.Collect$$rtexit$$00000004)
    .text                                    0x08000188   Section      104  startup_k1986ve9xi.o(.text)
    .text                                    0x080001f0   Section        0  heapauxi.o(.text)
    .text                                    0x080001f6   Section       74  sys_stackheap_outer.o(.text)
    .text                                    0x08000240   Section        0  exit.o(.text)
    .text                                    0x08000254   Section        8  libspace.o(.text)
    .text                                    0x0800025c   Section        0  sys_exit.o(.text)
    .text                                    0x08000268   Section        2  use_no_semi.o(.text)
    .text                                    0x0800026a   Section        0  indicate_semi.o(.text)
    [Anonymous Symbol]                       0x0800026c   Section        0  mdr32fxqi_rst_clk.o(.text.RST_CLK_GetFlagStatus)
    [Anonymous Symbol]                       0x080002c4   Section        0  mdr32fxqi_rst_clk.o(.text.RST_CLK_HSEstatus)
    [Anonymous Symbol]                       0x08000328   Section        0  system_k1986ve9xi.o(.text.SystemCoreClockUpdate)
    [Anonymous Symbol]                       0x08000418   Section        0  system_k1986ve9xi.o(.text.SystemInit)
    [Anonymous Symbol]                       0x08000584   Section        0  c_systemclock.o(.text._ZN4Core11SystemClock10initializeEv)
    [Anonymous Symbol]                       0x08000610   Section        0  c_gpio.o(.text._ZN4Core4GPIO16configureAsInputENS_7PinPullE)
    [Anonymous Symbol]                       0x0800068c   Section        0  c_gpio.o(.text._ZN4Core4GPIO17configureAsOutputEv)
    [Anonymous Symbol]                       0x080006f0   Section        0  c_core.o(.text._ZN4Core4GPIO3lowEv)
    [Anonymous Symbol]                       0x08000704   Section        0  c_core.o(.text._ZN4Core4GPIO3setEv)
    [Anonymous Symbol]                       0x08000718   Section        0  c_core.o(.text._ZN4Core4GPIO4highEv)
    [Anonymous Symbol]                       0x0800072c   Section        0  c_core.o(.text._ZN4Core4GPIO5clearEv)
    [Anonymous Symbol]                       0x08000740   Section        0  c_core.o(.text._ZN4Core4GPIO7asInputENS_7PinPullE)
    [Anonymous Symbol]                       0x08000758   Section        0  c_core.o(.text._ZN4Core4GPIO8asOutputEv)
    [Anonymous Symbol]                       0x0800076c   Section        0  main.o(.text._ZN4Core4GPIOC2EP16MDR_PORT_TypeDefRKN7Drivers7Milandr4Pins3PinE)
    [Anonymous Symbol]                       0x0800078c   Section        0  c_timer.o(.text._ZN4Core5Timer10initializeEv)
    [Anonymous Symbol]                       0x080007d8   Section        0  c_timer.o(.text._ZN4Core5Timer17delayMicrosecondsEj)
    [Anonymous Symbol]                       0x08000838   Section        0  c_timer.o(.text._ZN4Core5Timer17delayMillisecondsEj)
    [Anonymous Symbol]                       0x08000864   Section        0  c_core.o(.text._ZN4Core6C_Core10initializeEv)
    [Anonymous Symbol]                       0x08000894   Section        0  c_core.o(.text._ZN4Core6C_Core3runEv)
    [Anonymous Symbol]                       0x080008cc   Section        0  main.o(.text._ZN4Core6C_CoreC2Ev)
    [Anonymous Symbol]                       0x08000908   Section        0  c_peripheralregistry.o(.text._ZN7Drivers7Milandr18PeripheralRegistry16enablePortBClockEv)
    [Anonymous Symbol]                       0x08000918   Section        0  c_peripheralregistry.o(.text._ZN7Drivers7Milandr18PeripheralRegistry17enableTimer1ClockEv)
    [Anonymous Symbol]                       0x08000928   Section        0  main.o(.text.main)
    Drivers::Milandr::Pins::PB6              0x0800098c   Data           8  main.o(.rodata._ZN7Drivers7Milandr4PinsL3PB6E)
    [Anonymous Symbol]                       0x0800098c   Section        0  main.o(.rodata._ZN7Drivers7Milandr4PinsL3PB6E)
    Drivers::Milandr::Pins::PB7              0x08000994   Data           8  main.o(.rodata._ZN7Drivers7Milandr4PinsL3PB7E)
    [Anonymous Symbol]                       0x08000994   Section        0  main.o(.rodata._ZN7Drivers7Milandr4PinsL3PB7E)
    .bss                                     0x20000008   Section       96  libspace.o(.bss)
    Heap_Mem                                 0x20000068   Data         512  startup_k1986ve9xi.o(HEAP)
    HEAP                                     0x20000068   Section      512  startup_k1986ve9xi.o(HEAP)
    Stack_Mem                                0x20000268   Data        1024  startup_k1986ve9xi.o(STACK)
    STACK                                    0x20000268   Section     1024  startup_k1986ve9xi.o(STACK)
    __initial_sp                             0x20000668   Data           0  startup_k1986ve9xi.o(STACK)

    Global Symbols

    Symbol Name                              Value     Ov Type        Size  Object(Section)

    BuildAttributes$$THM_ISAv4$P$D$K$B$S$PE$A:L22UL41UL21$X:L11$S22US41US21$IEEE1$IW$~IW$USESV6$~STKCKD$USESV7$~SHL$OSPACE$ROPI$EBA8$UX$STANDARDLIB$REQ8$PRES8$EABIv2 0x00000000   Number         0  anon$$obj.o ABSOLUTE
    __fp_init_empty                          0x00000000   Number         0  fpinit_empty.o ABSOLUTE
    __ARM_exceptions_init                     - Undefined Weak Reference
    __alloca_initialize                       - Undefined Weak Reference
    __arm_preinit_                            - Undefined Weak Reference
    __arm_relocate_pie_                       - Undefined Weak Reference
    __cpp_initialize__aeabi_                  - Undefined Weak Reference
    __cxa_finalize                            - Undefined Weak Reference
    __rt_locale                               - Undefined Weak Reference
    __sigvec_lookup                           - Undefined Weak Reference
    _atexit_init                              - Undefined Weak Reference
    _call_atexit_fns                          - Undefined Weak Reference
    _clock_init                               - Undefined Weak Reference
    _fp_trap_init                             - Undefined Weak Reference
    _fp_trap_shutdown                         - Undefined Weak Reference
    _get_lc_collate                           - Undefined Weak Reference
    _get_lc_ctype                             - Undefined Weak Reference
    _get_lc_monetary                          - Undefined Weak Reference
    _get_lc_numeric                           - Undefined Weak Reference
    _get_lc_time                              - Undefined Weak Reference
    _getenv_init                              - Undefined Weak Reference
    _handle_redirection                       - Undefined Weak Reference
    _init_alloc                               - Undefined Weak Reference
    _init_user_alloc                          - Undefined Weak Reference
    _initio                                   - Undefined Weak Reference
    _rand_init                                - Undefined Weak Reference
    _signal_finish                            - Undefined Weak Reference
    _signal_init                              - Undefined Weak Reference
    _terminate_alloc                          - Undefined Weak Reference
    _terminate_user_alloc                     - Undefined Weak Reference
    _terminateio                              - Undefined Weak Reference
    __Vectors_Size                           0x000000c0   Number         0  startup_k1986ve9xi.o ABSOLUTE
    __Vectors                                0x08000000   Data           4  startup_k1986ve9xi.o(RESET)
    __Vectors_End                            0x080000c0   Data           0  startup_k1986ve9xi.o(RESET)
    __main                                   0x080000c1   Thumb Code     8  __main.o(!!!main)
    __scatterload                            0x080000c9   Thumb Code     0  __scatter.o(!!!scatter)
    __scatterload_rt2                        0x080000c9   Thumb Code    84  __scatter.o(!!!scatter)
    __scatterload_rt2_thumb_only             0x080000c9   Thumb Code     0  __scatter.o(!!!scatter)
    __scatterload_loop                       0x080000d3   Thumb Code     0  __scatter.o(!!!scatter)
    __scatterload_copy                       0x08000125   Thumb Code    26  __scatter_copy.o(!!handler_copy)
    __scatterload_null                       0x08000141   Thumb Code     2  __scatter.o(!!handler_null)
    __scatterload_zeroinit                   0x08000145   Thumb Code    28  __scatter_zi.o(!!handler_zi)
    __rt_lib_init                            0x08000161   Thumb Code     0  libinit.o(.ARM.Collect$$libinit$$00000000)
    __rt_lib_init_alloca_1                   0x08000163   Thumb Code     0  libinit2.o(.ARM.Collect$$libinit$$00000030)
    __rt_lib_init_argv_1                     0x08000163   Thumb Code     0  libinit2.o(.ARM.Collect$$libinit$$0000002E)
    __rt_lib_init_atexit_1                   0x08000163   Thumb Code     0  libinit2.o(.ARM.Collect$$libinit$$0000001D)
    __rt_lib_init_clock_1                    0x08000163   Thumb Code     0  libinit2.o(.ARM.Collect$$libinit$$00000023)
    __rt_lib_init_cpp_1                      0x08000163   Thumb Code     0  libinit2.o(.ARM.Collect$$libinit$$00000034)
    __rt_lib_init_exceptions_1               0x08000163   Thumb Code     0  libinit2.o(.ARM.Collect$$libinit$$00000032)
    __rt_lib_init_fp_1                       0x08000163   Thumb Code     0  libinit2.o(.ARM.Collect$$libinit$$00000002)
    __rt_lib_init_fp_trap_1                  0x08000163   Thumb Code     0  libinit2.o(.ARM.Collect$$libinit$$00000021)
    __rt_lib_init_getenv_1                   0x08000163   Thumb Code     0  libinit2.o(.ARM.Collect$$libinit$$00000025)
    __rt_lib_init_heap_1                     0x08000163   Thumb Code     0  libinit2.o(.ARM.Collect$$libinit$$0000000C)
    __rt_lib_init_lc_collate_1               0x08000163   Thumb Code     0  libinit2.o(.ARM.Collect$$libinit$$00000013)
    __rt_lib_init_lc_ctype_1                 0x08000163   Thumb Code     0  libinit2.o(.ARM.Collect$$libinit$$00000015)
    __rt_lib_init_lc_monetary_1              0x08000163   Thumb Code     0  libinit2.o(.ARM.Collect$$libinit$$00000017)
    __rt_lib_init_lc_numeric_1               0x08000163   Thumb Code     0  libinit2.o(.ARM.Collect$$libinit$$00000019)
    __rt_lib_init_lc_time_1                  0x08000163   Thumb Code     0  libinit2.o(.ARM.Collect$$libinit$$0000001B)
    __rt_lib_init_preinit_1                  0x08000163   Thumb Code     0  libinit2.o(.ARM.Collect$$libinit$$00000006)
    __rt_lib_init_rand_1                     0x08000163   Thumb Code     0  libinit2.o(.ARM.Collect$$libinit$$00000010)
    __rt_lib_init_relocate_pie_1             0x08000163   Thumb Code     0  libinit2.o(.ARM.Collect$$libinit$$00000004)
    __rt_lib_init_return                     0x08000163   Thumb Code     0  libinit2.o(.ARM.Collect$$libinit$$00000035)
    __rt_lib_init_signal_1                   0x08000163   Thumb Code     0  libinit2.o(.ARM.Collect$$libinit$$0000001F)
    __rt_lib_init_stdio_1                    0x08000163   Thumb Code     0  libinit2.o(.ARM.Collect$$libinit$$00000027)
    __rt_lib_init_user_alloc_1               0x08000163   Thumb Code     0  libinit2.o(.ARM.Collect$$libinit$$0000000E)
    __rt_lib_shutdown                        0x08000165   Thumb Code     0  libshutdown.o(.ARM.Collect$$libshutdown$$00000000)
    __rt_lib_shutdown_cpp_1                  0x08000167   Thumb Code     0  libshutdown2.o(.ARM.Collect$$libshutdown$$00000002)
    __rt_lib_shutdown_fp_trap_1              0x08000167   Thumb Code     0  libshutdown2.o(.ARM.Collect$$libshutdown$$00000007)
    __rt_lib_shutdown_heap_1                 0x08000167   Thumb Code     0  libshutdown2.o(.ARM.Collect$$libshutdown$$0000000F)
    __rt_lib_shutdown_return                 0x08000167   Thumb Code     0  libshutdown2.o(.ARM.Collect$$libshutdown$$00000010)
    __rt_lib_shutdown_signal_1               0x08000167   Thumb Code     0  libshutdown2.o(.ARM.Collect$$libshutdown$$0000000A)
    __rt_lib_shutdown_stdio_1                0x08000167   Thumb Code     0  libshutdown2.o(.ARM.Collect$$libshutdown$$00000004)
    __rt_lib_shutdown_user_alloc_1           0x08000167   Thumb Code     0  libshutdown2.o(.ARM.Collect$$libshutdown$$0000000C)
    __rt_entry                               0x08000169   Thumb Code     0  __rtentry.o(.ARM.Collect$$rtentry$$00000000)
    __rt_entry_presh_1                       0x08000169   Thumb Code     0  __rtentry2.o(.ARM.Collect$$rtentry$$00000002)
    __rt_entry_sh                            0x08000169   Thumb Code     0  __rtentry4.o(.ARM.Collect$$rtentry$$00000004)
    __rt_entry_li                            0x0800016f   Thumb Code     0  __rtentry2.o(.ARM.Collect$$rtentry$$0000000A)
    __rt_entry_postsh_1                      0x0800016f   Thumb Code     0  __rtentry2.o(.ARM.Collect$$rtentry$$00000009)
    __rt_entry_main                          0x08000173   Thumb Code     0  __rtentry2.o(.ARM.Collect$$rtentry$$0000000D)
    __rt_entry_postli_1                      0x08000173   Thumb Code     0  __rtentry2.o(.ARM.Collect$$rtentry$$0000000C)
    __rt_exit                                0x0800017b   Thumb Code     0  rtexit.o(.ARM.Collect$$rtexit$$00000000)
    __rt_exit_ls                             0x0800017d   Thumb Code     0  rtexit2.o(.ARM.Collect$$rtexit$$00000003)
    __rt_exit_prels_1                        0x0800017d   Thumb Code     0  rtexit2.o(.ARM.Collect$$rtexit$$00000002)
    __rt_exit_exit                           0x08000181   Thumb Code     0  rtexit2.o(.ARM.Collect$$rtexit$$00000004)
    Reset_Handler                            0x08000189   Thumb Code     8  startup_k1986ve9xi.o(.text)
    NMI_Handler                              0x08000191   Thumb Code     2  startup_k1986ve9xi.o(.text)
    HardFault_Handler                        0x08000193   Thumb Code     2  startup_k1986ve9xi.o(.text)
    MemManage_Handler                        0x08000195   Thumb Code     2  startup_k1986ve9xi.o(.text)
    BusFault_Handler                         0x08000197   Thumb Code     2  startup_k1986ve9xi.o(.text)
    UsageFault_Handler                       0x08000199   Thumb Code     2  startup_k1986ve9xi.o(.text)
    SVC_Handler                              0x0800019b   Thumb Code     2  startup_k1986ve9xi.o(.text)
    DebugMon_Handler                         0x0800019d   Thumb Code     2  startup_k1986ve9xi.o(.text)
    PendSV_Handler                           0x0800019f   Thumb Code     2  startup_k1986ve9xi.o(.text)
    SysTick_Handler                          0x080001a1   Thumb Code     2  startup_k1986ve9xi.o(.text)
    CAN1_IRQHandler                          0x080001a3   Thumb Code     2  startup_k1986ve9xi.o(.text)
    CAN2_IRQHandler                          0x080001a5   Thumb Code     2  startup_k1986ve9xi.o(.text)
    USB_IRQHandler                           0x080001a7   Thumb Code     2  startup_k1986ve9xi.o(.text)
    DMA_IRQHandler                           0x080001a9   Thumb Code     2  startup_k1986ve9xi.o(.text)
    UART1_IRQHandler                         0x080001ab   Thumb Code     2  startup_k1986ve9xi.o(.text)
    UART2_IRQHandler                         0x080001ad   Thumb Code     2  startup_k1986ve9xi.o(.text)
    SSP1_IRQHandler                          0x080001af   Thumb Code     2  startup_k1986ve9xi.o(.text)
    I2C_IRQHandler                           0x080001b1   Thumb Code     2  startup_k1986ve9xi.o(.text)
    POWER_IRQHandler                         0x080001b3   Thumb Code     2  startup_k1986ve9xi.o(.text)
    WWDG_IRQHandler                          0x080001b5   Thumb Code     2  startup_k1986ve9xi.o(.text)
    Timer1_IRQHandler                        0x080001b7   Thumb Code     2  startup_k1986ve9xi.o(.text)
    Timer2_IRQHandler                        0x080001b9   Thumb Code     2  startup_k1986ve9xi.o(.text)
    Timer3_IRQHandler                        0x080001bb   Thumb Code     2  startup_k1986ve9xi.o(.text)
    ADC_IRQHandler                           0x080001bd   Thumb Code     2  startup_k1986ve9xi.o(.text)
    COMPARATOR_IRQHandler                    0x080001bf   Thumb Code     2  startup_k1986ve9xi.o(.text)
    SSP2_IRQHandler                          0x080001c1   Thumb Code     2  startup_k1986ve9xi.o(.text)
    BACKUP_IRQHandler                        0x080001c3   Thumb Code     2  startup_k1986ve9xi.o(.text)
    EXT_INT1_IRQHandler                      0x080001c5   Thumb Code     2  startup_k1986ve9xi.o(.text)
    EXT_INT2_IRQHandler                      0x080001c7   Thumb Code     2  startup_k1986ve9xi.o(.text)
    EXT_INT3_IRQHandler                      0x080001c9   Thumb Code     2  startup_k1986ve9xi.o(.text)
    EXT_INT4_IRQHandler                      0x080001cb   Thumb Code     2  startup_k1986ve9xi.o(.text)
    __user_initial_stackheap                 0x080001cd   Thumb Code     0  startup_k1986ve9xi.o(.text)
    __use_two_region_memory                  0x080001f1   Thumb Code     2  heapauxi.o(.text)
    __rt_heap_escrow$2region                 0x080001f3   Thumb Code     2  heapauxi.o(.text)
    __rt_heap_expand$2region                 0x080001f5   Thumb Code     2  heapauxi.o(.text)
    __user_setup_stackheap                   0x080001f7   Thumb Code    74  sys_stackheap_outer.o(.text)
    exit                                     0x08000241   Thumb Code    18  exit.o(.text)
    __user_libspace                          0x08000255   Thumb Code     8  libspace.o(.text)
    __user_perproc_libspace                  0x08000255   Thumb Code     0  libspace.o(.text)
    __user_perthread_libspace                0x08000255   Thumb Code     0  libspace.o(.text)
    _sys_exit                                0x0800025d   Thumb Code     8  sys_exit.o(.text)
    __I$use$semihosting                      0x08000269   Thumb Code     0  use_no_semi.o(.text)
    __use_no_semihosting_swi                 0x08000269   Thumb Code     2  use_no_semi.o(.text)
    __semihosting_library_function           0x0800026b   Thumb Code     0  indicate_semi.o(.text)
    RST_CLK_GetFlagStatus                    0x0800026d   Thumb Code    88  mdr32fxqi_rst_clk.o(.text.RST_CLK_GetFlagStatus)
    RST_CLK_HSEstatus                        0x080002c5   Thumb Code   100  mdr32fxqi_rst_clk.o(.text.RST_CLK_HSEstatus)
    SystemCoreClockUpdate                    0x08000329   Thumb Code   238  system_k1986ve9xi.o(.text.SystemCoreClockUpdate)
    SystemInit                               0x08000419   Thumb Code   364  system_k1986ve9xi.o(.text.SystemInit)
    Core::SystemClock::initialize()          0x08000585   Thumb Code   138  c_systemclock.o(.text._ZN4Core11SystemClock10initializeEv)
    Core::GPIO::configureAsInput(Core::PinPull) 0x08000611   Thumb Code   122  c_gpio.o(.text._ZN4Core4GPIO16configureAsInputENS_7PinPullE)
    Core::GPIO::configureAsOutput()          0x0800068d   Thumb Code   100  c_gpio.o(.text._ZN4Core4GPIO17configureAsOutputEv)
    Core::GPIO::low()                        0x080006f1   Thumb Code    20  c_core.o(.text._ZN4Core4GPIO3lowEv)
    Core::GPIO::set()                        0x08000705   Thumb Code    20  c_core.o(.text._ZN4Core4GPIO3setEv)
    Core::GPIO::high()                       0x08000719   Thumb Code    20  c_core.o(.text._ZN4Core4GPIO4highEv)
    Core::GPIO::clear()                      0x0800072d   Thumb Code    20  c_core.o(.text._ZN4Core4GPIO5clearEv)
    Core::GPIO::asInput(Core::PinPull)       0x08000741   Thumb Code    24  c_core.o(.text._ZN4Core4GPIO7asInputENS_7PinPullE)
    Core::GPIO::asOutput()                   0x08000759   Thumb Code    20  c_core.o(.text._ZN4Core4GPIO8asOutputEv)
    Core::GPIO::GPIO__sub_object(MDR_PORT_TypeDef*, Drivers::Milandr::Pins::Pin const&) 0x0800076d   Thumb Code    30  main.o(.text._ZN4Core4GPIOC2EP16MDR_PORT_TypeDefRKN7Drivers7Milandr4Pins3PinE)
    Core::Timer::initialize()                0x0800078d   Thumb Code    76  c_timer.o(.text._ZN4Core5Timer10initializeEv)
    Core::Timer::delayMicroseconds(unsigned int) 0x080007d9   Thumb Code    94  c_timer.o(.text._ZN4Core5Timer17delayMicrosecondsEj)
    Core::Timer::delayMilliseconds(unsigned int) 0x08000839   Thumb Code    44  c_timer.o(.text._ZN4Core5Timer17delayMillisecondsEj)
    Core::C_Core::initialize()               0x08000865   Thumb Code    46  c_core.o(.text._ZN4Core6C_Core10initializeEv)
    Core::C_Core::run()                      0x08000895   Thumb Code    56  c_core.o(.text._ZN4Core6C_Core3runEv)
    Core::C_Core::C_Core__sub_object()       0x080008cd   Thumb Code    58  main.o(.text._ZN4Core6C_CoreC2Ev)
    Drivers::Milandr::PeripheralRegistry::enablePortBClock() 0x08000909   Thumb Code    16  c_peripheralregistry.o(.text._ZN7Drivers7Milandr18PeripheralRegistry16enablePortBClockEv)
    Drivers::Milandr::PeripheralRegistry::enableTimer1Clock() 0x08000919   Thumb Code    16  c_peripheralregistry.o(.text._ZN7Drivers7Milandr18PeripheralRegistry17enableTimer1ClockEv)
    main                                     0x08000929   Thumb Code    36  main.o(.text.main)
    EEPROM_FACTORY_READ_WORD_FUNC            0x0800094c   Data          64  system_k1986ve9xi.o(.rodata.EEPROM_FACTORY_READ_WORD_FUNC)
    Region$$Table$$Base                      0x0800099c   Number         0  anon$$obj.o(Region$$Table)
    Region$$Table$$Limit                     0x080009bc   Number         0  anon$$obj.o(Region$$Table)
    SystemCoreClock                          0x20000000   Data           4  system_k1986ve9xi.o(.data.SystemCoreClock)
    __libspace_start                         0x20000008   Data          96  libspace.o(.bss)
    __temporary_stack_top$libspace           0x20000068   Data           0  libspace.o(.bss)



==============================================================================

Memory Map of the image

  Image Entry point : 0x08000189

  Load Region LR_1 (Base: 0x08000000, Size: 0x000009c0, Max: 0xffffffff, ABSOLUTE)

    Execution Region ER_RO (Exec base: 0x08000000, Load base: 0x08000000, Size: 0x000009bc, Max: 0xffffffff, ABSOLUTE)

    Exec Addr    Load Addr    Size         Type   Attr      Idx    E Section Name        Object

    0x08000000   0x08000000   0x000000c0   Data   RO           88    RESET               startup_k1986ve9xi.o
    0x080000c0   0x080000c0   0x00000008   Code   RO          250  * !!!main             c_w.l(__main.o)
    0x080000c8   0x080000c8   0x0000005c   Code   RO          415    !!!scatter          c_w.l(__scatter.o)
    0x08000124   0x08000124   0x0000001a   Code   RO          419    !!handler_copy      c_w.l(__scatter_copy.o)
    0x0800013e   0x0800013e   0x00000002   PAD
    0x08000140   0x08000140   0x00000002   Code   RO          416    !!handler_null      c_w.l(__scatter.o)
    0x08000142   0x08000142   0x00000002   PAD
    0x08000144   0x08000144   0x0000001c   Code   RO          421    !!handler_zi        c_w.l(__scatter_zi.o)
    0x08000160   0x08000160   0x00000002   Code   RO          277    .ARM.Collect$$libinit$$00000000  c_w.l(libinit.o)
    0x08000162   0x08000162   0x00000000   Code   RO          284    .ARM.Collect$$libinit$$00000002  c_w.l(libinit2.o)
    0x08000162   0x08000162   0x00000000   Code   RO          286    .ARM.Collect$$libinit$$00000004  c_w.l(libinit2.o)
    0x08000162   0x08000162   0x00000000   Code   RO          288    .ARM.Collect$$libinit$$00000006  c_w.l(libinit2.o)
    0x08000162   0x08000162   0x00000000   Code   RO          291    .ARM.Collect$$libinit$$0000000C  c_w.l(libinit2.o)
    0x08000162   0x08000162   0x00000000   Code   RO          293    .ARM.Collect$$libinit$$0000000E  c_w.l(libinit2.o)
    0x08000162   0x08000162   0x00000000   Code   RO          295    .ARM.Collect$$libinit$$00000010  c_w.l(libinit2.o)
    0x08000162   0x08000162   0x00000000   Code   RO          298    .ARM.Collect$$libinit$$00000013  c_w.l(libinit2.o)
    0x08000162   0x08000162   0x00000000   Code   RO          300    .ARM.Collect$$libinit$$00000015  c_w.l(libinit2.o)
    0x08000162   0x08000162   0x00000000   Code   RO          302    .ARM.Collect$$libinit$$00000017  c_w.l(libinit2.o)
    0x08000162   0x08000162   0x00000000   Code   RO          304    .ARM.Collect$$libinit$$00000019  c_w.l(libinit2.o)
    0x08000162   0x08000162   0x00000000   Code   RO          306    .ARM.Collect$$libinit$$0000001B  c_w.l(libinit2.o)
    0x08000162   0x08000162   0x00000000   Code   RO          308    .ARM.Collect$$libinit$$0000001D  c_w.l(libinit2.o)
    0x08000162   0x08000162   0x00000000   Code   RO          310    .ARM.Collect$$libinit$$0000001F  c_w.l(libinit2.o)
    0x08000162   0x08000162   0x00000000   Code   RO          312    .ARM.Collect$$libinit$$00000021  c_w.l(libinit2.o)
    0x08000162   0x08000162   0x00000000   Code   RO          314    .ARM.Collect$$libinit$$00000023  c_w.l(libinit2.o)
    0x08000162   0x08000162   0x00000000   Code   RO          316    .ARM.Collect$$libinit$$00000025  c_w.l(libinit2.o)
    0x08000162   0x08000162   0x00000000   Code   RO          318    .ARM.Collect$$libinit$$00000027  c_w.l(libinit2.o)
    0x08000162   0x08000162   0x00000000   Code   RO          322    .ARM.Collect$$libinit$$0000002E  c_w.l(libinit2.o)
    0x08000162   0x08000162   0x00000000   Code   RO          324    .ARM.Collect$$libinit$$00000030  c_w.l(libinit2.o)
    0x08000162   0x08000162   0x00000000   Code   RO          326    .ARM.Collect$$libinit$$00000032  c_w.l(libinit2.o)
    0x08000162   0x08000162   0x00000000   Code   RO          328    .ARM.Collect$$libinit$$00000034  c_w.l(libinit2.o)
    0x08000162   0x08000162   0x00000002   Code   RO          329    .ARM.Collect$$libinit$$00000035  c_w.l(libinit2.o)
    0x08000164   0x08000164   0x00000002   Code   RO          351    .ARM.Collect$$libshutdown$$00000000  c_w.l(libshutdown.o)
    0x08000166   0x08000166   0x00000000   Code   RO          366    .ARM.Collect$$libshutdown$$00000002  c_w.l(libshutdown2.o)
    0x08000166   0x08000166   0x00000000   Code   RO          368    .ARM.Collect$$libshutdown$$00000004  c_w.l(libshutdown2.o)
    0x08000166   0x08000166   0x00000000   Code   RO          371    .ARM.Collect$$libshutdown$$00000007  c_w.l(libshutdown2.o)
    0x08000166   0x08000166   0x00000000   Code   RO          374    .ARM.Collect$$libshutdown$$0000000A  c_w.l(libshutdown2.o)
    0x08000166   0x08000166   0x00000000   Code   RO          376    .ARM.Collect$$libshutdown$$0000000C  c_w.l(libshutdown2.o)
    0x08000166   0x08000166   0x00000000   Code   RO          379    .ARM.Collect$$libshutdown$$0000000F  c_w.l(libshutdown2.o)
    0x08000166   0x08000166   0x00000002   Code   RO          380    .ARM.Collect$$libshutdown$$00000010  c_w.l(libshutdown2.o)
    0x08000168   0x08000168   0x00000000   Code   RO          252    .ARM.Collect$$rtentry$$00000000  c_w.l(__rtentry.o)
    0x08000168   0x08000168   0x00000000   Code   RO          254    .ARM.Collect$$rtentry$$00000002  c_w.l(__rtentry2.o)
    0x08000168   0x08000168   0x00000006   Code   RO          266    .ARM.Collect$$rtentry$$00000004  c_w.l(__rtentry4.o)
    0x0800016e   0x0800016e   0x00000000   Code   RO          256    .ARM.Collect$$rtentry$$00000009  c_w.l(__rtentry2.o)
    0x0800016e   0x0800016e   0x00000004   Code   RO          257    .ARM.Collect$$rtentry$$0000000A  c_w.l(__rtentry2.o)
    0x08000172   0x08000172   0x00000000   Code   RO          259    .ARM.Collect$$rtentry$$0000000C  c_w.l(__rtentry2.o)
    0x08000172   0x08000172   0x00000008   Code   RO          260    .ARM.Collect$$rtentry$$0000000D  c_w.l(__rtentry2.o)
    0x0800017a   0x0800017a   0x00000002   Code   RO          281    .ARM.Collect$$rtexit$$00000000  c_w.l(rtexit.o)
    0x0800017c   0x0800017c   0x00000000   Code   RO          331    .ARM.Collect$$rtexit$$00000002  c_w.l(rtexit2.o)
    0x0800017c   0x0800017c   0x00000004   Code   RO          332    .ARM.Collect$$rtexit$$00000003  c_w.l(rtexit2.o)
    0x08000180   0x08000180   0x00000006   Code   RO          333    .ARM.Collect$$rtexit$$00000004  c_w.l(rtexit2.o)
    0x08000186   0x08000186   0x00000002   PAD
    0x08000188   0x08000188   0x00000068   Code   RO           89  * .text               startup_k1986ve9xi.o
    0x080001f0   0x080001f0   0x00000006   Code   RO          248    .text               c_w.l(heapauxi.o)
    0x080001f6   0x080001f6   0x0000004a   Code   RO          268    .text               c_w.l(sys_stackheap_outer.o)
    0x08000240   0x08000240   0x00000012   Code   RO          270    .text               c_w.l(exit.o)
    0x08000252   0x08000252   0x00000002   PAD
    0x08000254   0x08000254   0x00000008   Code   RO          278    .text               c_w.l(libspace.o)
    0x0800025c   0x0800025c   0x0000000c   Code   RO          341    .text               c_w.l(sys_exit.o)
    0x08000268   0x08000268   0x00000002   Code   RO          356    .text               c_w.l(use_no_semi.o)
    0x0800026a   0x0800026a   0x00000000   Code   RO          358    .text               c_w.l(indicate_semi.o)
    0x0800026a   0x0800026a   0x00000002   PAD
    0x0800026c   0x0800026c   0x00000058   Code   RO          182    .text.RST_CLK_GetFlagStatus  mdr32fxqi_rst_clk.o
    0x080002c4   0x080002c4   0x00000064   Code   RO          180    .text.RST_CLK_HSEstatus  mdr32fxqi_rst_clk.o
    0x08000328   0x08000328   0x000000ee   Code   RO           95    .text.SystemCoreClockUpdate  system_k1986ve9xi.o
    0x08000416   0x08000416   0x00000002   PAD
    0x08000418   0x08000418   0x0000016c   Code   RO           97    .text.SystemInit    system_k1986ve9xi.o
    0x08000584   0x08000584   0x0000008a   Code   RO            2    .text._ZN4Core11SystemClock10initializeEv  c_systemclock.o
    0x0800060e   0x0800060e   0x00000002   PAD
    0x08000610   0x08000610   0x0000007a   Code   RO           25    .text._ZN4Core4GPIO16configureAsInputENS_7PinPullE  c_gpio.o
    0x0800068a   0x0800068a   0x00000002   PAD
    0x0800068c   0x0800068c   0x00000064   Code   RO           23    .text._ZN4Core4GPIO17configureAsOutputEv  c_gpio.o
    0x080006f0   0x080006f0   0x00000014   Code   RO           76    .text._ZN4Core4GPIO3lowEv  c_core.o
    0x08000704   0x08000704   0x00000014   Code   RO           84    .text._ZN4Core4GPIO3setEv  c_core.o
    0x08000718   0x08000718   0x00000014   Code   RO           80    .text._ZN4Core4GPIO4highEv  c_core.o
    0x0800072c   0x0800072c   0x00000014   Code   RO           82    .text._ZN4Core4GPIO5clearEv  c_core.o
    0x08000740   0x08000740   0x00000018   Code   RO           78    .text._ZN4Core4GPIO7asInputENS_7PinPullE  c_core.o
    0x08000758   0x08000758   0x00000014   Code   RO           74    .text._ZN4Core4GPIO8asOutputEv  c_core.o
    0x0800076c   0x0800076c   0x0000001e   Code   RO           59    .text._ZN4Core4GPIOC2EP16MDR_PORT_TypeDefRKN7Drivers7Milandr4Pins3PinE  main.o
    0x0800078a   0x0800078a   0x00000002   PAD
    0x0800078c   0x0800078c   0x0000004c   Code   RO           10    .text._ZN4Core5Timer10initializeEv  c_timer.o
    0x080007d8   0x080007d8   0x0000005e   Code   RO           12    .text._ZN4Core5Timer17delayMicrosecondsEj  c_timer.o
    0x08000836   0x08000836   0x00000002   PAD
    0x08000838   0x08000838   0x0000002c   Code   RO           14    .text._ZN4Core5Timer17delayMillisecondsEj  c_timer.o
    0x08000864   0x08000864   0x0000002e   Code   RO           62    .text._ZN4Core6C_Core10initializeEv  c_core.o
    0x08000892   0x08000892   0x00000002   PAD
    0x08000894   0x08000894   0x00000038   Code   RO           64    .text._ZN4Core6C_Core3runEv  c_core.o
    0x080008cc   0x080008cc   0x0000003a   Code   RO           57    .text._ZN4Core6C_CoreC2Ev  main.o
    0x08000906   0x08000906   0x00000002   PAD
    0x08000908   0x08000908   0x00000010   Code   RO           34    .text._ZN7Drivers7Milandr18PeripheralRegistry16enablePortBClockEv  c_peripheralregistry.o
    0x08000918   0x08000918   0x00000010   Code   RO           36    .text._ZN7Drivers7Milandr18PeripheralRegistry17enableTimer1ClockEv  c_peripheralregistry.o
    0x08000928   0x08000928   0x00000024   Code   RO           45    .text.main          main.o
    0x0800094c   0x0800094c   0x00000040   Data   RO           99    .rodata.EEPROM_FACTORY_READ_WORD_FUNC  system_k1986ve9xi.o
    0x0800098c   0x0800098c   0x00000008   Data   RO           48    .rodata._ZN7Drivers7Milandr4PinsL3PB6E  main.o
    0x08000994   0x08000994   0x00000008   Data   RO           47    .rodata._ZN7Drivers7Milandr4PinsL3PB7E  main.o
    0x0800099c   0x0800099c   0x00000020   Data   RO          414    Region$$Table       anon$$obj.o


    Execution Region ER_RW (Exec base: 0x20000000, Load base: 0x080009bc, Size: 0x00000004, Max: 0xffffffff, ABSOLUTE)

    Exec Addr    Load Addr    Size         Type   Attr      Idx    E Section Name        Object

    0x20000000   0x080009bc   0x00000004   Data   RW          100    .data.SystemCoreClock  system_k1986ve9xi.o


    Execution Region ER_ZI (Exec base: 0x20000008, Load base: 0x080009c0, Size: 0x00000660, Max: 0xffffffff, ABSOLUTE)

    Exec Addr    Load Addr    Size         Type   Attr      Idx    E Section Name        Object

    0x20000008        -       0x00000060   Zero   RW          279    .bss                c_w.l(libspace.o)
    0x20000068        -       0x00000200   Zero   RW           87    HEAP                startup_k1986ve9xi.o
    0x20000268        -       0x00000400   Zero   RW           86    STACK               startup_k1986ve9xi.o


==============================================================================

Image component sizes


      Code (inc. data)   RO Data    RW Data    ZI Data      Debug   Object Name

       226          0          0          0          0       3434   c_core.o
       222          0          0          0          0       2506   c_gpio.o
        32          0          0          0          0       2424   c_peripheralregistry.o
       138          0          0          0          0       2695   c_systemclock.o
       214          0          0          0          0       4082   c_timer.o
       124          0         16          0          0       4180   main.o
       188          0          0          0          0      11753   mdr32fxqi_rst_clk.o
       104         26        192          0       1536       1716   startup_k1986ve9xi.o
       602          0         64          4          0       3221   system_k1986ve9xi.o

    ----------------------------------------------------------------------
      1864         26        304          4       1536      36011   Object Totals
         0          0         32          0          0          0   (incl. Generated)
        14          0          0          0          0          0   (incl. Padding)

    ----------------------------------------------------------------------

      Code (inc. data)   RO Data    RW Data    ZI Data      Debug   Library Member Name

         8          0          0          0          0         68   __main.o
         0          0          0          0          0          0   __rtentry.o
        12          0          0          0          0          0   __rtentry2.o
         6          0          0          0          0          0   __rtentry4.o
        94          8          0          0          0          0   __scatter.o
        26          0          0          0          0          0   __scatter_copy.o
        28          0          0          0          0          0   __scatter_zi.o
        18          0          0          0          0         80   exit.o
         6          0          0          0          0        152   heapauxi.o
         0          0          0          0          0          0   indicate_semi.o
         2          0          0          0          0          0   libinit.o
         2          0          0          0          0          0   libinit2.o
         2          0          0          0          0          0   libshutdown.o
         2          0          0          0          0          0   libshutdown2.o
         8          4          0          0         96         68   libspace.o
         2          0          0          0          0          0   rtexit.o
        10          0          0          0          0          0   rtexit2.o
        12          4          0          0          0         68   sys_exit.o
        74          0          0          0          0         80   sys_stackheap_outer.o
         2          0          0          0          0         68   use_no_semi.o

    ----------------------------------------------------------------------
       324         16          0          0         96        584   Library Totals
        10          0          0          0          0          0   (incl. Padding)

    ----------------------------------------------------------------------

      Code (inc. data)   RO Data    RW Data    ZI Data      Debug   Library Name

       314         16          0          0         96        584   c_w.l

    ----------------------------------------------------------------------
       324         16          0          0         96        584   Library Totals

    ----------------------------------------------------------------------

==============================================================================


      Code (inc. data)   RO Data    RW Data    ZI Data      Debug   

      2188         42        304          4       1632      36415   Grand Totals
      2188         42        304          4       1632      36415   ELF Image Totals
      2188         42        304          4          0          0   ROM Totals

==============================================================================

    Total RO  Size (Code + RO Data)                 2492 (   2.43kB)
    Total RW  Size (RW Data + ZI Data)              1636 (   1.60kB)
    Total ROM Size (Code + RO Data + RW Data)       2496 (   2.44kB)

==============================================================================

